../../graphs/embed000.struct	--	 1000718
../../graphs/embed001.struct	--	 1000739
../../graphs/embed002.struct	--	 1000770
../../graphs/embed003.struct	Error	 190958
../../graphs/embed004.struct	--	 1000209
../../graphs/embed005.struct	Error	 680453
../../graphs/embed006.struct	--	 1000557
../../graphs/embed007.struct	Error	 327392
../../graphs/embed008.struct	Error	 224109
../../graphs/embed009.struct	Error	 343942
../../graphs/embed010.struct	Error	 598791
../../graphs/embed011.struct	Error	 175345
../../graphs/embed012.struct	Error	 705841
../../graphs/embed013.struct	Error	 519965
../../graphs/embed014.struct	Error	 842711
../../graphs/embed015.struct	Error	 172518
../../graphs/embed016.struct	Error	 305780
../../graphs/embed017.struct	Error	 274701
../../graphs/embed018.struct	Error	 471118
../../graphs/embed019.struct	Error	 284937
../../graphs/embed020.struct	Error	 279602
../../graphs/embed021.struct	Error	 277052
../../graphs/embed022.struct	Error	 408665
../../graphs/embed023.struct	Error	 230127
../../graphs/embed024.struct	Error	 240424
../../graphs/embed025.struct	Error	 263263
../../graphs/embed026.struct	Error	 112292
../../graphs/embed027.struct	Error	 488448
../../graphs/embed028.struct	Error	 312355
../../graphs/embed029.struct	Error	 241016
../../graphs/embed030.struct	Error	 379500
../../graphs/embed031.struct	Error	 176375
../../graphs/embed032.struct	Error	 263773
../../graphs/embed033.struct	Error	 293023
../../graphs/embed034.struct	Error	 223737
../../graphs/embed035.struct	Error	 509652
../../graphs/embed036.struct	Error	 160735
../../graphs/embed037.struct	Error	 314885
../../graphs/embed038.struct	Error	 225061
../../graphs/embed039.struct	Error	 157879
../../graphs/embed040.struct	Error	 127563
../../graphs/embed041.struct	Error	 287941
../../graphs/embed042.struct	Error	 270220
../../graphs/embed043.struct	Error	 157350
../../graphs/embed044.struct	Error	 225553
../../graphs/embed045.struct	Error	 207140
../../graphs/embed046.struct	Error	 129300
../../graphs/embed047.struct	Error	 263521
../../graphs/embed048.struct	Error	 255568
../../graphs/embed049.struct	Error	 110453
../../graphs/embed050.struct	Error	 142373
../../graphs/embed051.struct	Error	 480028
../../graphs/embed052.struct	Error	 230296
../../graphs/embed053.struct	Error	 160097
../../graphs/embed054.struct	Error	 179542
../../graphs/embed055.struct	Error	 148893
../../graphs/embed056.struct	Error	 273494
../../graphs/embed057.struct	Error	 183637
../../graphs/embed058.struct	Error	 288844
../../graphs/embed059.struct	Error	 145596
../../graphs/embed060.struct	Error	 242764
../../graphs/embed061.struct	Error	 310714
../../graphs/embed062.struct	Error	 166661
../../graphs/embed063.struct	Error	 126743
../../graphs/embed064.struct	Error	 175859
../../graphs/embed065.struct	Error	 276380
../../graphs/embed066.struct	Error	 181906
../../graphs/embed067.struct	Error	 313609
../../graphs/embed068.struct	Error	 263628
../../graphs/embed069.struct	Error	 249581
../../graphs/embed070.struct	Error	 78666
../../graphs/embed071.struct	Error	 210045
../../graphs/embed072.struct	Error	 91409
../../graphs/embed073.struct	Error	 234878
../../graphs/embed074.struct	Error	 115351
../../graphs/embed075.struct	Error	 123725
../../graphs/embed076.struct	Error	 148804
../../graphs/embed077.struct	Error	 84738
../../graphs/embed078.struct	Error	 184738
../../graphs/embed079.struct	Error	 292081
../../graphs/embed080.struct	Error	 422678
../../graphs/embed081.struct	Error	 354389
../../graphs/embed082.struct	Error	 236309
../../graphs/embed083.struct	Error	 290046
../../graphs/embed084.struct	Error	 230686
../../graphs/embed085.struct	Error	 355435
../../graphs/embed086.struct	Error	 562429
../../graphs/embed087.struct	Error	 337928
../../graphs/embed088.struct	Error	 221003
../../graphs/embed089.struct	Error	 150445
../../graphs/embed090.struct	Error	 301247
../../graphs/embed091.struct	Error	 353811
../../graphs/embed092.struct	Error	 244238
../../graphs/embed093.struct	Error	 309562
../../graphs/embed094.struct	Error	 368788
../../graphs/embed095.struct	Error	 276134
../../graphs/embed096.struct	Error	 47899
../../graphs/embed097.struct	Error	 16945
../../graphs/embed098.struct	Error	 97255
../../graphs/embed099.struct	Error	 82355
../../graphs/embed100.struct	Error	 18416
../../graphs/embed101.struct	Error	 744493
../../graphs/embed102.struct	Error	 52134
../../graphs/embed103.struct	Error	 16446
../../graphs/embed104.struct	Error	 25147
../../graphs/embed105.struct	Error	 31471
../../graphs/embed106.struct	Error	 17188
../../graphs/embed107.struct	Error	 23088
../../graphs/embed108.struct	Error	 134558
../../graphs/embed109.struct	Error	 710497
../../graphs/embed110.struct	Error	 52862
../../graphs/embed111.struct	Error	 21315
../../graphs/embed112.struct	Error	 23794
../../graphs/embed113.struct	Error	 61728
../../graphs/embed114.struct	Error	 50429
../../graphs/embed115.struct	Error	 68568
../../graphs/embed116.struct	Error	 76391
../../graphs/embed117.struct	Error	 50020
../../graphs/embed118.struct	Error	 25120
../../graphs/embed119.struct	Error	 46868
../../graphs/embed120.struct	Error	 180915
../../graphs/embed121.struct	Error	 30804
../../graphs/embed122.struct	Error	 44109
../../graphs/embed123.struct	Error	 18931
../../graphs/embed124.struct	Error	 21470
../../graphs/embed125.struct	Error	 27105
../../graphs/embed126.struct	Error	 52354
../../graphs/embed127.struct	Error	 20039
../../graphs/embed128.struct	Error	 17748
../../graphs/embed129.struct	Error	 18980
../../graphs/embed130.struct	Error	 21165
../../graphs/embed131.struct	Error	 19321
../../graphs/embed132.struct	Error	 15689
../../graphs/embed133.struct	Error	 19795
../../graphs/embed134.struct	Error	 20583
../../graphs/embed135.struct	Error	 17615
../../graphs/embed136.struct	Error	 17000
../../graphs/embed137.struct	Error	 35828
../../graphs/embed138.struct	Error	 18338
../../graphs/embed139.struct	Error	 22014
../../graphs/embed140.struct	Error	 14913
../../graphs/embed141.struct	Error	 19807
../../graphs/embed142.struct	Error	 21374
../../graphs/embed143.struct	Error	 17751
../../graphs/embed144.struct	Error	 146048
../../graphs/embed145.struct	Error	 35401
../../graphs/embed146.struct	Error	 22469
../../graphs/embed147.struct	Error	 22795
../../graphs/embed148.struct	Error	 19368
../../graphs/embed149.struct	Error	 25330
../../graphs/embed150.struct	Error	 19607
../../graphs/embed151.struct	Error	 14844
../../graphs/embed152.struct	Error	 12552
../../graphs/embed153.struct	Error	 27931
../../graphs/embed154.struct	Error	 26980
../../graphs/embed155.struct	Error	 19131
../../graphs/embed156.struct	Error	 14069
../../graphs/embed157.struct	Error	 18473
../../graphs/embed158.struct	Error	 69042
../../graphs/embed159.struct	Error	 16611
../../graphs/embed160.struct	Error	 34610
../../graphs/embed161.struct	Error	 29143
../../graphs/embed162.struct	Error	 26697
../../graphs/embed163.struct	Error	 34585
../../graphs/embed164.struct	Error	 31375
../../graphs/embed165.struct	Error	 25585
../../graphs/embed166.struct	Error	 21227
../../graphs/embed167.struct	Error	 24363
../../graphs/embed168.struct	Error	 18703
../../graphs/embed169.struct	Error	 34478
../../graphs/embed170.struct	Error	 44015
../../graphs/embed171.struct	Error	 18985
../../graphs/embed172.struct	Error	 40727
../../graphs/embed173.struct	Error	 24789
../../graphs/embed174.struct	Error	 36111
../../graphs/embed175.struct	Error	 35430
../../graphs/embed176.struct	Error	 49610
../../graphs/embed177.struct	Error	 179830
../../graphs/embed178.struct	Error	 74878
../../graphs/embed179.struct	Error	 25751
../../graphs/embed180.struct	Error	 47549
../../graphs/embed181.struct	Error	 34188
../../graphs/embed182.struct	Error	 24305
../../graphs/embed183.struct	Error	 122925
../../graphs/embed184.struct	Error	 19874
../../graphs/embed185.struct	Error	 22836
../../graphs/embed186.struct	Error	 28251
../../graphs/embed187.struct	Error	 36374
../../graphs/embed188.struct	Error	 63406
../../graphs/embed189.struct	Error	 27687
../../graphs/embed190.struct	Error	 22683
../../graphs/embed191.struct	Error	 81143
../../graphs/embed192.struct	Error	 152924
../../graphs/embed193.struct	Error	 60823
../../graphs/embed194.struct	Error	 34768
../../graphs/embed195.struct	Error	 27478
../../graphs/embed196.struct	Error	 18706
../../graphs/embed197.struct	Error	 20918
../../graphs/embed198.struct	Error	 32651
../../graphs/embed199.struct	Error	 11793
Fail1: 200
