../../graphs/embed000.struct	--	 1000022
../../graphs/embed001.struct	--	 1000022
../../graphs/embed002.struct	--	 1000022
../../graphs/embed003.struct	--	 1000018
../../graphs/embed004.struct	--	 1000019
../../graphs/embed005.struct	--	 1000008
../../graphs/embed006.struct	--	 1000020
../../graphs/embed007.struct	--	 1000024
../../graphs/embed008.struct	--	 1000026
../../graphs/embed009.struct	--	 1000023
../../graphs/embed010.struct	--	 1000024
../../graphs/embed011.struct	--	 1000021
../../graphs/embed012.struct	--	 1000021
../../graphs/embed013.struct	--	 1000022
../../graphs/embed014.struct	--	 1000020
../../graphs/embed015.struct	--	 1000024
../../graphs/embed016.struct	--	 1000031
../../graphs/embed017.struct	--	 1000033
../../graphs/embed018.struct	--	 1000024
../../graphs/embed019.struct	--	 1000022
../../graphs/embed020.struct	--	 1000009
../../graphs/embed021.struct	--	 1000029
../../graphs/embed022.struct	--	 1000025
../../graphs/embed023.struct	--	 1000024
../../graphs/embed024.struct	--	 1000029
../../graphs/embed025.struct	--	 1000022
../../graphs/embed026.struct	--	 1000028
../../graphs/embed027.struct	--	 1000024
../../graphs/embed028.struct	--	 1000031
../../graphs/embed029.struct	--	 1000040
../../graphs/embed030.struct	--	 1000019
../../graphs/embed031.struct	--	 1000028
../../graphs/embed032.struct	--	 1000022
../../graphs/embed033.struct	--	 1000024
../../graphs/embed034.struct	--	 1000036
../../graphs/embed035.struct	--	 1000026
../../graphs/embed036.struct	--	 1000039
../../graphs/embed037.struct	--	 1000028
../../graphs/embed038.struct	--	 1000037
../../graphs/embed039.struct	--	 1000031
../../graphs/embed040.struct	--	 1000031
../../graphs/embed041.struct	--	 1000031
../../graphs/embed042.struct	--	 1000030
../../graphs/embed043.struct	--	 1000036
../../graphs/embed044.struct	--	 1000039
../../graphs/embed045.struct	--	 1000035
../../graphs/embed046.struct	--	 1000033
../../graphs/embed047.struct	--	 1000024
../../graphs/embed048.struct	--	 1000040
../../graphs/embed049.struct	--	 1000028
../../graphs/embed050.struct	--	 1000032
../../graphs/embed051.struct	--	 1000036
../../graphs/embed052.struct	--	 1000034
../../graphs/embed053.struct	--	 1000037
../../graphs/embed054.struct	--	 1000021
../../graphs/embed055.struct	--	 1000025
../../graphs/embed056.struct	--	 1000037
../../graphs/embed057.struct	--	 1000034
../../graphs/embed058.struct	--	 1000034
../../graphs/embed059.struct	--	 1000036
../../graphs/embed060.struct	--	 1000037
../../graphs/embed061.struct	--	 1000023
../../graphs/embed062.struct	--	 1000041
../../graphs/embed063.struct	--	 1000034
../../graphs/embed064.struct	--	 1000044
../../graphs/embed065.struct	--	 1000037
../../graphs/embed066.struct	--	 1000051
../../graphs/embed067.struct	--	 1000029
../../graphs/embed068.struct	--	 1000032
../../graphs/embed069.struct	--	 1000048
../../graphs/embed070.struct	--	 1000038
../../graphs/embed071.struct	--	 1000028
../../graphs/embed072.struct	--	 1000044
../../graphs/embed073.struct	--	 1000026
../../graphs/embed074.struct	--	 1000044
../../graphs/embed075.struct	--	 1000038
../../graphs/embed076.struct	--	 1000044
../../graphs/embed077.struct	--	 1000036
../../graphs/embed078.struct	--	 1000039
../../graphs/embed079.struct	--	 1000025
../../graphs/embed080.struct	--	 1000045
../../graphs/embed081.struct	--	 1000030
../../graphs/embed082.struct	--	 1000035
../../graphs/embed083.struct	--	 1000040
../../graphs/embed084.struct	--	 1000042
../../graphs/embed085.struct	--	 1000037
../../graphs/embed086.struct	--	 1000039
../../graphs/embed087.struct	--	 1000041
../../graphs/embed088.struct	--	 1000042
../../graphs/embed089.struct	--	 1000042
../../graphs/embed090.struct	--	 1000038
../../graphs/embed091.struct	--	 1000030
../../graphs/embed092.struct	--	 1000049
../../graphs/embed093.struct	--	 1000029
../../graphs/embed094.struct	--	 1000046
../../graphs/embed095.struct	--	 1000042
../../graphs/embed096.struct	--	 1000050
../../graphs/embed097.struct	--	 1000021
../../graphs/embed098.struct	--	 1000040
../../graphs/embed099.struct	--	 1000047
../../graphs/embed100.struct	--	 1000052
../../graphs/embed101.struct	--	 1000045
../../graphs/embed102.struct	--	 1000046
../../graphs/embed103.struct	--	 1000047
../../graphs/embed104.struct	--	 1000049
../../graphs/embed105.struct	--	 1000049
../../graphs/embed106.struct	--	 1000053
../../graphs/embed107.struct	--	 1000051
../../graphs/embed108.struct	--	 1000043
../../graphs/embed109.struct	--	 1000047
../../graphs/embed110.struct	--	 1000042
../../graphs/embed111.struct	--	 1000047
../../graphs/embed112.struct	--	 1000054
../../graphs/embed113.struct	--	 1000022
../../graphs/embed114.struct	--	 1000064
../../graphs/embed115.struct	--	 1000053
../../graphs/embed116.struct	--	 1000046
../../graphs/embed117.struct	--	 1000046
../../graphs/embed118.struct	--	 1000054
../../graphs/embed119.struct	--	 1000025
../../graphs/embed120.struct	--	 1000066
../../graphs/embed121.struct	--	 1000058
../../graphs/embed122.struct	--	 1000056
../../graphs/embed123.struct	--	 1000070
../../graphs/embed124.struct	--	 1000052
../../graphs/embed125.struct	--	 1000048
../../graphs/embed126.struct	--	 1000058
../../graphs/embed127.struct	--	 1000051
../../graphs/embed128.struct	--	 1000049
../../graphs/embed129.struct	--	 1000046
../../graphs/embed130.struct	--	 1000054
../../graphs/embed131.struct	--	 1000052
../../graphs/embed132.struct	--	 1000052
../../graphs/embed133.struct	--	 1000063
../../graphs/embed134.struct	--	 1000052
../../graphs/embed135.struct	--	 1000054
../../graphs/embed136.struct	--	 1000066
../../graphs/embed137.struct	--	 1000054
../../graphs/embed138.struct	--	 1000058
../../graphs/embed139.struct	--	 1000046
../../graphs/embed140.struct	--	 1000040
../../graphs/embed141.struct	--	 1000056
../../graphs/embed142.struct	--	 1000065
../../graphs/embed143.struct	--	 1000050
../../graphs/embed144.struct	--	 1000050
../../graphs/embed145.struct	--	 1000063
../../graphs/embed146.struct	--	 1000053
../../graphs/embed147.struct	--	 1000064
../../graphs/embed148.struct	--	 1000050
../../graphs/embed149.struct	--	 1000160
../../graphs/embed150.struct	--	 1001367
../../graphs/embed151.struct	--	 1000168
../../graphs/embed152.struct	--	 1003264
../../graphs/embed153.struct	--	 1000194
../../graphs/embed154.struct	--	 1000290
../../graphs/embed155.struct	--	 1000560
../../graphs/embed156.struct	Error	 70012
../../graphs/embed157.struct	Error	 24260
../../graphs/embed158.struct	Error	 19801
../../graphs/embed159.struct	Error	 18112
../../graphs/embed160.struct	Error	 21091
../../graphs/embed161.struct	Error	 21560
../../graphs/embed162.struct	Error	 23754
../../graphs/embed163.struct	--	 1000110
../../graphs/embed164.struct	--	 1000656
../../graphs/embed165.struct	--	 1000189
../../graphs/embed166.struct	--	 1000115
../../graphs/embed167.struct	--	 1000140
../../graphs/embed168.struct	--	 1000109
../../graphs/embed169.struct	--	 1000552
../../graphs/embed170.struct	Error	 46879
../../graphs/embed171.struct	Error	 29031
../../graphs/embed172.struct	Error	 32537
../../graphs/embed173.struct	Error	 24687
../../graphs/embed174.struct	Error	 46273
../../graphs/embed175.struct	Error	 21114
../../graphs/embed176.struct	Error	 12769
../../graphs/embed177.struct	--	 1000080
../../graphs/embed178.struct	--	 1000125
../../graphs/embed179.struct	--	 1000117
../../graphs/embed180.struct	--	 1000184
../../graphs/embed181.struct	--	 1000175
../../graphs/embed182.struct	--	 1000290
../../graphs/embed183.struct	--	 1000029
../../graphs/embed184.struct	--	 1002493
../../graphs/embed185.struct	Error	 42778
../../graphs/embed186.struct	Error	 16625
../../graphs/embed187.struct	Error	 12439
../../graphs/embed188.struct	Error	 10923
../../graphs/embed189.struct	Error	 11095
../../graphs/embed190.struct	Error	 12566
../../graphs/embed191.struct	--	 1000125
../../graphs/embed192.struct	Error	 54428
../../graphs/embed193.struct	Error	 37162
../../graphs/embed194.struct	Error	 28418
../../graphs/embed195.struct	Error	 121307
../../graphs/embed196.struct	--	 1000128
../../graphs/embed197.struct	--	 1000114
../../graphs/embed198.struct	Error	 45508
../../graphs/embed199.struct	Error	 26727
Fail1: 200
