../../hard2/embed000.struct	False	 47112
../../hard2/embed001.struct	False	 4559
../../hard2/embed002.struct	False	 726
../../hard2/embed003.struct	False	 1240
../../hard2/embed004.struct	--	 100008
../../hard2/embed005.struct	--	 100007
../../hard2/embed006.struct	False	 35780
../../hard2/embed007.struct	--	 100007
../../hard2/embed008.struct	--	 100011
../../hard2/embed009.struct	--	 100009
../../hard2/embed010.struct	False	 4337
../../hard2/embed011.struct	True	 51529
../../hard2/embed012.struct	--	 100009
../../hard2/embed013.struct	--	 100009
../../hard2/embed014.struct	False	 827
../../hard2/embed015.struct	True	 1147
../../hard2/embed016.struct	False	 91999
../../hard2/embed017.struct	--	 100010
../../hard2/embed018.struct	--	 100007
../../hard2/embed019.struct	True	 3193
../../hard2/embed020.struct	False	 321
../../hard2/embed021.struct	--	 100008
../../hard2/embed022.struct	--	 100008
../../hard2/embed023.struct	--	 100007
../../hard2/embed024.struct	False	 3310
../../hard2/embed025.struct	True	 43274
../../hard2/embed026.struct	False	 9298
../../hard2/embed027.struct	True	 1567
../../hard2/embed028.struct	False	 1210
../../hard2/embed029.struct	--	 100007
../../hard2/embed030.struct	False	 808
../../hard2/embed031.struct	--	 100008
../../hard2/embed032.struct	False	 136
../../hard2/embed033.struct	True	 25849
../../hard2/embed034.struct	False	 1407
../../hard2/embed035.struct	True	 31754
../../hard2/embed036.struct	False	 53407
../../hard2/embed037.struct	--	 100008
../../hard2/embed038.struct	False	 65141
../../hard2/embed039.struct	--	 100008
../../hard2/embed040.struct	False	 238
../../hard2/embed041.struct	True	 87963
../../hard2/embed042.struct	False	 5521
../../hard2/embed043.struct	True	 13305
../../hard2/embed044.struct	False	 25105
../../hard2/embed045.struct	--	 100008
../../hard2/embed046.struct	False	 5831
../../hard2/embed047.struct	--	 100009
../../hard2/embed048.struct	--	 100007
../../hard2/embed049.struct	--	 100006
../../hard2/embed050.struct	--	 100010
../../hard2/embed051.struct	--	 100008
../../hard2/embed052.struct	False	 203
../../hard2/embed053.struct	True	 14235
../../hard2/embed054.struct	False	 2950
../../hard2/embed055.struct	True	 25274
../../hard2/embed056.struct	--	 100008
../../hard2/embed057.struct	--	 100009
../../hard2/embed058.struct	False	 2463
../../hard2/embed059.struct	True	 65322
../../hard2/embed060.struct	False	 32412
../../hard2/embed061.struct	--	 100009
../../hard2/embed062.struct	False	 4739
../../hard2/embed063.struct	True	 69934
../../hard2/embed064.struct	False	 8347
../../hard2/embed065.struct	True	 64482
../../hard2/embed066.struct	--	 100011
../../hard2/embed067.struct	True	 806
../../hard2/embed068.struct	False	 14518
../../hard2/embed069.struct	--	 100008
../../hard2/embed070.struct	False	 12703
../../hard2/embed071.struct	--	 100008
../../hard2/embed072.struct	--	 100008
../../hard2/embed073.struct	True	 30196
../../hard2/embed074.struct	False	 846
../../hard2/embed075.struct	True	 33068
../../hard2/embed076.struct	--	 100008
../../hard2/embed077.struct	--	 100005
../../hard2/embed078.struct	False	 345
../../hard2/embed079.struct	True	 81302
../../hard2/embed080.struct	--	 100004
../../hard2/embed081.struct	True	 24900
../../hard2/embed082.struct	--	 100005
../../hard2/embed083.struct	--	 100005
../../hard2/embed084.struct	False	 145
../../hard2/embed085.struct	--	 100005
../../hard2/embed086.struct	--	 100005
../../hard2/embed087.struct	True	 5334
../../hard2/embed088.struct	True	 1483
../../hard2/embed089.struct	False	 1053
../../hard2/embed090.struct	False	 859
../../hard2/embed091.struct	--	 100005
../../hard2/embed092.struct	False	 24002
../../hard2/embed093.struct	True	 64086
../../hard2/embed094.struct	False	 1950
../../hard2/embed095.struct	True	 48805
../../hard2/embed096.struct	--	 100006
../../hard2/embed097.struct	True	 18531
../../hard2/embed098.struct	False	 31164
../../hard2/embed099.struct	--	 100004
Fail1: 39
