../../hard3/embed000.struct	--	 100009
../../hard3/embed001.struct	--	 100009
../../hard3/embed002.struct	--	 100007
../../hard3/embed003.struct	False	 80811
../../hard3/embed004.struct	--	 100012
../../hard3/embed005.struct	--	 100007
../../hard3/embed006.struct	--	 100007
../../hard3/embed007.struct	--	 100006
../../hard3/embed008.struct	--	 100010
../../hard3/embed009.struct	--	 100007
../../hard3/embed010.struct	--	 100007
../../hard3/embed011.struct	--	 100013
../../hard3/embed012.struct	--	 100006
../../hard3/embed013.struct	--	 100010
../../hard3/embed014.struct	--	 100011
../../hard3/embed015.struct	--	 100007
../../hard3/embed016.struct	--	 100012
../../hard3/embed017.struct	--	 100010
../../hard3/embed018.struct	True	 64888
../../hard3/embed019.struct	--	 100006
../../hard3/embed020.struct	--	 100007
../../hard3/embed021.struct	--	 100007
../../hard3/embed022.struct	--	 100009
../../hard3/embed023.struct	--	 100009
../../hard3/embed024.struct	--	 100007
../../hard3/embed025.struct	--	 100005
../../hard3/embed026.struct	--	 100005
../../hard3/embed027.struct	--	 100004
../../hard3/embed028.struct	--	 100004
../../hard3/embed029.struct	--	 100005
../../hard3/embed030.struct	True	 88202
../../hard3/embed031.struct	--	 100006
../../hard3/embed032.struct	--	 100005
../../hard3/embed033.struct	True	 83859
../../hard3/embed034.struct	--	 100004
../../hard3/embed035.struct	--	 100005
../../hard3/embed036.struct	--	 100005
../../hard3/embed037.struct	--	 100005
../../hard3/embed038.struct	False	 81000
../../hard3/embed039.struct	--	 100005
../../hard3/embed040.struct	--	 100005
../../hard3/embed041.struct	--	 100004
../../hard3/embed042.struct	--	 100005
../../hard3/embed043.struct	--	 100005
../../hard3/embed044.struct	False	 63271
../../hard3/embed045.struct	--	 100005
../../hard3/embed046.struct	--	 100005
../../hard3/embed047.struct	--	 100006
../../hard3/embed048.struct	--	 100004
../../hard3/embed049.struct	--	 100005
../../hard3/embed050.struct	--	 100005
../../hard3/embed051.struct	--	 100006
../../hard3/embed052.struct	--	 100005
../../hard3/embed053.struct	--	 100004
../../hard3/embed054.struct	--	 100004
../../hard3/embed055.struct	--	 100005
../../hard3/embed056.struct	--	 100005
../../hard3/embed057.struct	--	 100005
../../hard3/embed058.struct	--	 100005
../../hard3/embed059.struct	--	 100004
../../hard3/embed060.struct	--	 100005
../../hard3/embed061.struct	--	 100005
../../hard3/embed062.struct	--	 100005
../../hard3/embed063.struct	--	 100005
../../hard3/embed064.struct	--	 100004
../../hard3/embed065.struct	--	 100006
../../hard3/embed066.struct	--	 100005
../../hard3/embed067.struct	--	 100004
../../hard3/embed068.struct	--	 100004
../../hard3/embed069.struct	--	 100005
../../hard3/embed070.struct	--	 100005
../../hard3/embed071.struct	--	 100004
../../hard3/embed072.struct	False	 71200
../../hard3/embed073.struct	--	 100005
../../hard3/embed074.struct	--	 100005
../../hard3/embed075.struct	--	 100005
../../hard3/embed076.struct	--	 100004
../../hard3/embed077.struct	--	 100004
../../hard3/embed078.struct	--	 100005
../../hard3/embed079.struct	--	 100004
../../hard3/embed080.struct	--	 100005
../../hard3/embed081.struct	True	 86412
../../hard3/embed082.struct	--	 100005
../../hard3/embed083.struct	--	 100005
../../hard3/embed084.struct	--	 100005
../../hard3/embed085.struct	--	 100005
../../hard3/embed086.struct	False	 75808
../../hard3/embed087.struct	--	 100004
../../hard3/embed088.struct	True	 83164
../../hard3/embed089.struct	--	 100006
../../hard3/embed090.struct	--	 100004
../../hard3/embed091.struct	--	 100004
../../hard3/embed092.struct	--	 100005
../../hard3/embed093.struct	--	 100005
../../hard3/embed094.struct	--	 100006
../../hard3/embed095.struct	--	 100005
../../hard3/embed096.struct	--	 100005
../../hard3/embed097.struct	--	 100006
../../hard3/embed098.struct	--	 100004
../../hard3/embed099.struct	--	 100008
Fail1: 90
