../../graphs/embed000.struct	--	 1005911
../../graphs/embed001.struct	True	 126569
../../graphs/embed002.struct	--	 1000200
../../graphs/embed003.struct	--	 1002074
../../graphs/embed004.struct	--	 1000780
../../graphs/embed005.struct	--	 1001906
../../graphs/embed006.struct	Error	 129961
../../graphs/embed007.struct	Error	 37404
../../graphs/embed008.struct	Error	 106798
../../graphs/embed009.struct	Error	 70891
../../graphs/embed010.struct	Error	 117025
../../graphs/embed011.struct	Error	 290867
../../graphs/embed012.struct	Error	 369468
../../graphs/embed013.struct	Error	 181841
../../graphs/embed014.struct	Error	 52112
../../graphs/embed015.struct	Error	 295576
../../graphs/embed016.struct	Error	 69101
../../graphs/embed017.struct	Error	 196214
../../graphs/embed018.struct	Error	 68526
../../graphs/embed019.struct	Error	 507091
../../graphs/embed020.struct	Error	 394081
../../graphs/embed021.struct	Error	 236911
../../graphs/embed022.struct	Error	 418035
../../graphs/embed023.struct	--	 1000540
../../graphs/embed024.struct	--	 1003825
../../graphs/embed025.struct	--	 1003597
../../graphs/embed026.struct	--	 1001062
../../graphs/embed027.struct	Error	 51609
../../graphs/embed028.struct	Error	 102866
../../graphs/embed029.struct	Error	 54439
../../graphs/embed030.struct	Error	 738312
../../graphs/embed031.struct	Error	 79280
../../graphs/embed032.struct	Error	 229617
../../graphs/embed033.struct	Error	 274133
../../graphs/embed034.struct	Error	 958890
../../graphs/embed035.struct	--	 1002503
../../graphs/embed036.struct	--	 1002667
../../graphs/embed037.struct	Error	 414135
../../graphs/embed038.struct	Error	 135149
../../graphs/embed039.struct	Error	 735222
../../graphs/embed040.struct	Error	 900698
../../graphs/embed041.struct	Error	 48915
../../graphs/embed042.struct	Error	 104986
../../graphs/embed043.struct	Error	 29650
../../graphs/embed044.struct	Error	 31254
../../graphs/embed045.struct	Error	 340903
../../graphs/embed046.struct	Error	 959113
../../graphs/embed047.struct	Error	 672956
../../graphs/embed048.struct	Error	 40797
../../graphs/embed049.struct	Error	 98820
../../graphs/embed050.struct	Error	 31364
../../graphs/embed051.struct	Error	 37815
../../graphs/embed052.struct	Error	 28529
../../graphs/embed053.struct	Error	 23463
../../graphs/embed054.struct	Error	 257947
../../graphs/embed055.struct	Error	 694309
../../graphs/embed056.struct	--	 1000186
../../graphs/embed057.struct	--	 1000499
../../graphs/embed058.struct	--	 1001359
../../graphs/embed059.struct	--	 1001518
../../graphs/embed060.struct	Error	 345032
../../graphs/embed061.struct	Error	 84075
../../graphs/embed062.struct	Error	 38487
../../graphs/embed063.struct	Error	 593032
../../graphs/embed064.struct	Error	 85476
../../graphs/embed065.struct	Error	 135150
../../graphs/embed066.struct	Error	 707578
../../graphs/embed067.struct	Error	 151530
../../graphs/embed068.struct	Error	 58427
../../graphs/embed069.struct	Error	 918695
../../graphs/embed070.struct	--	 1000149
../../graphs/embed071.struct	--	 1000096
../../graphs/embed072.struct	--	 1002503
../../graphs/embed073.struct	--	 1001593
../../graphs/embed074.struct	--	 1002527
../../graphs/embed075.struct	--	 1001173
../../graphs/embed076.struct	Error	 68068
../../graphs/embed077.struct	Error	 88836
../../graphs/embed078.struct	Error	 55759
../../graphs/embed079.struct	Error	 40578
../../graphs/embed080.struct	Error	 40615
../../graphs/embed081.struct	Error	 43143
../../graphs/embed082.struct	Error	 302756
../../graphs/embed083.struct	Error	 286778
../../graphs/embed084.struct	Error	 37465
../../graphs/embed085.struct	Error	 24425
../../graphs/embed086.struct	Error	 24376
../../graphs/embed087.struct	Error	 22154
../../graphs/embed088.struct	Error	 20566
../../graphs/embed089.struct	Error	 240045
../../graphs/embed090.struct	Error	 86173
../../graphs/embed091.struct	Error	 44399
../../graphs/embed092.struct	--	 1001096
../../graphs/embed093.struct	Error	 445816
../../graphs/embed094.struct	Error	 53279
../../graphs/embed095.struct	Error	 512555
../../graphs/embed096.struct	--	 1000203
../../graphs/embed097.struct	Error	 393316
../../graphs/embed098.struct	Error	 192956
../../graphs/embed099.struct	Error	 48497
../../graphs/embed100.struct	Error	 44631
../../graphs/embed101.struct	Error	 49779
../../graphs/embed102.struct	Error	 46517
../../graphs/embed103.struct	Error	 60512
../../graphs/embed104.struct	Error	 52898
../../graphs/embed105.struct	Error	 74590
../../graphs/embed106.struct	Error	 470104
../../graphs/embed107.struct	Error	 39683
../../graphs/embed108.struct	Error	 37386
../../graphs/embed109.struct	Error	 192971
../../graphs/embed110.struct	--	 1000243
../../graphs/embed111.struct	--	 1000393
../../graphs/embed112.struct	Error	 88749
../../graphs/embed113.struct	Error	 82160
../../graphs/embed114.struct	Error	 32255
../../graphs/embed115.struct	Error	 192064
../../graphs/embed116.struct	Error	 65832
../../graphs/embed117.struct	Error	 33331
../../graphs/embed118.struct	Error	 465047
../../graphs/embed119.struct	Error	 49786
../../graphs/embed120.struct	Error	 97401
../../graphs/embed121.struct	Error	 69298
../../graphs/embed122.struct	Error	 686099
../../graphs/embed123.struct	--	 1002387
../../graphs/embed124.struct	--	 1000898
../../graphs/embed125.struct	--	 1000720
../../graphs/embed126.struct	--	 1000938
../../graphs/embed127.struct	--	 1000932
../../graphs/embed128.struct	Error	 106285
../../graphs/embed129.struct	Error	 57970
../../graphs/embed130.struct	Error	 176516
../../graphs/embed131.struct	Error	 35834
../../graphs/embed132.struct	Error	 37894
../../graphs/embed133.struct	Error	 78378
../../graphs/embed134.struct	Error	 51619
../../graphs/embed135.struct	Error	 120258
../../graphs/embed136.struct	Error	 24753
../../graphs/embed137.struct	Error	 155152
../../graphs/embed138.struct	Error	 13644
../../graphs/embed139.struct	Error	 12820
../../graphs/embed140.struct	Error	 385187
../../graphs/embed141.struct	--	 1000335
../../graphs/embed142.struct	--	 1003097
../../graphs/embed143.struct	Error	 105749
../../graphs/embed144.struct	Error	 44050
../../graphs/embed145.struct	Error	 94575
../../graphs/embed146.struct	Error	 418745
../../graphs/embed147.struct	Error	 55829
../../graphs/embed148.struct	Error	 114886
../../graphs/embed149.struct	Error	 50977
../../graphs/embed150.struct	Error	 226472
../../graphs/embed151.struct	--	 1001063
../../graphs/embed152.struct	--	 1000933
../../graphs/embed153.struct	--	 1000854
../../graphs/embed154.struct	--	 1001191
../../graphs/embed155.struct	--	 1001213
../../graphs/embed156.struct	--	 1001133
../../graphs/embed157.struct	--	 1000836
../../graphs/embed158.struct	--	 1000858
../../graphs/embed159.struct	--	 1001061
../../graphs/embed160.struct	Error	 785736
../../graphs/embed161.struct	--	 1000983
../../graphs/embed162.struct	--	 1000921
../../graphs/embed163.struct	--	 1000820
../../graphs/embed164.struct	--	 1000946
../../graphs/embed165.struct	--	 1001853
../../graphs/embed166.struct	--	 1000772
../../graphs/embed167.struct	--	 1000916
../../graphs/embed168.struct	--	 1001798
../../graphs/embed169.struct	--	 1000714
../../graphs/embed170.struct	--	 1000820
../../graphs/embed171.struct	--	 1000803
../../graphs/embed172.struct	--	 1001061
../../graphs/embed173.struct	--	 1000842
../../graphs/embed174.struct	--	 1003800
../../graphs/embed175.struct	--	 1001682
../../graphs/embed176.struct	--	 1000794
../../graphs/embed177.struct	--	 1000454
../../graphs/embed178.struct	--	 1001214
../../graphs/embed179.struct	--	 1000837
../../graphs/embed180.struct	--	 1000887
../../graphs/embed181.struct	--	 1000784
../../graphs/embed182.struct	--	 1000925
../../graphs/embed183.struct	--	 1000784
../../graphs/embed184.struct	--	 1001051
../../graphs/embed185.struct	--	 1000729
../../graphs/embed186.struct	--	 1000991
../../graphs/embed187.struct	--	 1000904
../../graphs/embed188.struct	--	 1000996
../../graphs/embed189.struct	--	 1000789
../../graphs/embed190.struct	--	 1000899
../../graphs/embed191.struct	--	 1004049
../../graphs/embed192.struct	--	 1005679
../../graphs/embed193.struct	--	 1001176
../../graphs/embed194.struct	--	 1001623
../../graphs/embed195.struct	--	 1000979
../../graphs/embed196.struct	--	 1000731
../../graphs/embed197.struct	--	 1000759
../../graphs/embed198.struct	--	 1000651
../../graphs/embed199.struct	--	 1000822
Fail1: 199
