../../hard3/embed000.struct	--	 100018
../../hard3/embed001.struct	False	 71547
../../hard3/embed002.struct	--	 100041
../../hard3/embed003.struct	False	 24690
../../hard3/embed004.struct	--	 100109
../../hard3/embed005.struct	False	 56521
../../hard3/embed006.struct	False	 20839
../../hard3/embed007.struct	False	 27861
../../hard3/embed008.struct	True	 27866
../../hard3/embed009.struct	False	 46444
../../hard3/embed010.struct	True	 37739
../../hard3/embed011.struct	--	 100245
../../hard3/embed012.struct	False	 20280
../../hard3/embed013.struct	True	 98815
../../hard3/embed014.struct	True	 70015
../../hard3/embed015.struct	False	 40701
../../hard3/embed016.struct	True	 25834
../../hard3/embed017.struct	--	 100043
../../hard3/embed018.struct	True	 11496
../../hard3/embed019.struct	--	 100039
../../hard3/embed020.struct	True	 13666
../../hard3/embed021.struct	True	 50505
../../hard3/embed022.struct	True	 47674
../../hard3/embed023.struct	True	 99382
../../hard3/embed024.struct	False	 44373
../../hard3/embed025.struct	False	 68041
../../hard3/embed026.struct	--	 100039
../../hard3/embed027.struct	--	 100037
../../hard3/embed028.struct	False	 22667
../../hard3/embed029.struct	--	 100036
../../hard3/embed030.struct	True	 12678
../../hard3/embed031.struct	--	 100026
../../hard3/embed032.struct	--	 100028
../../hard3/embed033.struct	True	 92109
../../hard3/embed034.struct	True	 8546
../../hard3/embed035.struct	True	 58199
../../hard3/embed036.struct	False	 48035
../../hard3/embed037.struct	--	 100029
../../hard3/embed038.struct	False	 16072
../../hard3/embed039.struct	False	 47001
../../hard3/embed040.struct	True	 44894
../../hard3/embed041.struct	False	 49234
../../hard3/embed042.struct	True	 17183
../../hard3/embed043.struct	True	 60910
../../hard3/embed044.struct	False	 13324
../../hard3/embed045.struct	False	 19675
../../hard3/embed046.struct	False	 56122
../../hard3/embed047.struct	True	 13571
../../hard3/embed048.struct	False	 30037
../../hard3/embed049.struct	True	 33487
../../hard3/embed050.struct	--	 100040
../../hard3/embed051.struct	--	 100036
../../hard3/embed052.struct	False	 32996
../../hard3/embed053.struct	True	 21745
../../hard3/embed054.struct	False	 22511
../../hard3/embed055.struct	True	 33819
../../hard3/embed056.struct	False	 12115
../../hard3/embed057.struct	True	 22047
../../hard3/embed058.struct	--	 100034
../../hard3/embed059.struct	True	 14266
../../hard3/embed060.struct	True	 15619
../../hard3/embed061.struct	--	 100026
../../hard3/embed062.struct	--	 100036
../../hard3/embed063.struct	True	 53038
../../hard3/embed064.struct	False	 21557
../../hard3/embed065.struct	False	 85940
../../hard3/embed066.struct	False	 12754
../../hard3/embed067.struct	True	 23401
../../hard3/embed068.struct	False	 39317
../../hard3/embed069.struct	--	 100042
../../hard3/embed070.struct	False	 95615
../../hard3/embed071.struct	True	 45411
../../hard3/embed072.struct	False	 33923
../../hard3/embed073.struct	--	 100028
../../hard3/embed074.struct	False	 40521
../../hard3/embed075.struct	--	 100005
../../hard3/embed076.struct	False	 48130
../../hard3/embed077.struct	--	 100005
../../hard3/embed078.struct	--	 100005
../../hard3/embed079.struct	False	 68069
../../hard3/embed080.struct	False	 36372
../../hard3/embed081.struct	True	 18141
../../hard3/embed082.struct	--	 100004
../../hard3/embed083.struct	True	 27310
../../hard3/embed084.struct	False	 73898
../../hard3/embed085.struct	True	 75927
../../hard3/embed086.struct	False	 11486
../../hard3/embed087.struct	True	 26535
../../hard3/embed088.struct	True	 34668
../../hard3/embed089.struct	True	 15023
../../hard3/embed090.struct	False	 30119
../../hard3/embed091.struct	False	 31210
../../hard3/embed092.struct	False	 73851
../../hard3/embed093.struct	True	 31798
../../hard3/embed094.struct	False	 45356
../../hard3/embed095.struct	True	 45811
../../hard3/embed096.struct	False	 80632
../../hard3/embed097.struct	--	 100007
../../hard3/embed098.struct	--	 100004
../../hard3/embed099.struct	True	 35597
Fail1: 25
