../../hard2/embed000.struct	False	 14889
../../hard2/embed001.struct	False	 9768
../../hard2/embed002.struct	False	 2128
../../hard2/embed003.struct	False	 1367
../../hard2/embed004.struct	False	 84817
../../hard2/embed005.struct	True	 7857
../../hard2/embed006.struct	False	 15711
../../hard2/embed007.struct	True	 6948
../../hard2/embed008.struct	--	 100023
../../hard2/embed009.struct	True	 18351
../../hard2/embed010.struct	False	 2216
../../hard2/embed011.struct	True	 20114
../../hard2/embed012.struct	False	 43588
../../hard2/embed013.struct	True	 64974
../../hard2/embed014.struct	False	 2579
../../hard2/embed015.struct	True	 2711
../../hard2/embed016.struct	False	 17618
../../hard2/embed017.struct	True	 11230
../../hard2/embed018.struct	False	 31049
../../hard2/embed019.struct	True	 13127
../../hard2/embed020.struct	False	 5092
../../hard2/embed021.struct	True	 19395
../../hard2/embed022.struct	--	 100051
../../hard2/embed023.struct	True	 47807
../../hard2/embed024.struct	False	 3861
../../hard2/embed025.struct	True	 21768
../../hard2/embed026.struct	False	 5966
../../hard2/embed027.struct	True	 1734
../../hard2/embed028.struct	False	 1933
../../hard2/embed029.struct	True	 13750
../../hard2/embed030.struct	False	 3083
../../hard2/embed031.struct	True	 83335
../../hard2/embed032.struct	False	 936
../../hard2/embed033.struct	True	 13631
../../hard2/embed034.struct	False	 1557
../../hard2/embed035.struct	True	 4455
../../hard2/embed036.struct	False	 14514
../../hard2/embed037.struct	True	 59294
../../hard2/embed038.struct	False	 10297
../../hard2/embed039.struct	--	 100035
../../hard2/embed040.struct	False	 1527
../../hard2/embed041.struct	--	 100036
../../hard2/embed042.struct	False	 3402
../../hard2/embed043.struct	True	 14546
../../hard2/embed044.struct	False	 4914
../../hard2/embed045.struct	--	 100034
../../hard2/embed046.struct	False	 3622
../../hard2/embed047.struct	True	 74785
../../hard2/embed048.struct	False	 22748
../../hard2/embed049.struct	True	 21907
../../hard2/embed050.struct	--	 100024
../../hard2/embed051.struct	True	 46580
../../hard2/embed052.struct	False	 1025
../../hard2/embed053.struct	True	 11352
../../hard2/embed054.struct	False	 1487
../../hard2/embed055.struct	True	 5306
../../hard2/embed056.struct	False	 63815
../../hard2/embed057.struct	True	 35815
../../hard2/embed058.struct	False	 4507
../../hard2/embed059.struct	True	 9146
../../hard2/embed060.struct	False	 10804
../../hard2/embed061.struct	--	 100024
../../hard2/embed062.struct	False	 9870
../../hard2/embed063.struct	True	 35712
../../hard2/embed064.struct	False	 2998
../../hard2/embed065.struct	True	 64905
../../hard2/embed066.struct	--	 100022
../../hard2/embed067.struct	True	 2387
../../hard2/embed068.struct	False	 13913
../../hard2/embed069.struct	True	 17457
../../hard2/embed070.struct	False	 8745
../../hard2/embed071.struct	True	 13168
../../hard2/embed072.struct	False	 85368
../../hard2/embed073.struct	True	 5181
../../hard2/embed074.struct	False	 2194
../../hard2/embed075.struct	True	 2787
../../hard2/embed076.struct	False	 73574
../../hard2/embed077.struct	--	 100043
../../hard2/embed078.struct	False	 1134
../../hard2/embed079.struct	True	 12515
../../hard2/embed080.struct	--	 100025
../../hard2/embed081.struct	True	 4389
../../hard2/embed082.struct	False	 74345
../../hard2/embed083.struct	True	 55619
../../hard2/embed084.struct	False	 1292
../../hard2/embed085.struct	--	 100023
../../hard2/embed086.struct	False	 35837
../../hard2/embed087.struct	True	 20233
../../hard2/embed088.struct	True	 1698
../../hard2/embed089.struct	False	 915
../../hard2/embed090.struct	False	 1716
../../hard2/embed091.struct	True	 46581
../../hard2/embed092.struct	False	 6717
../../hard2/embed093.struct	True	 13951
../../hard2/embed094.struct	False	 2758
../../hard2/embed095.struct	True	 7227
../../hard2/embed096.struct	--	 100034
../../hard2/embed097.struct	True	 13841
../../hard2/embed098.struct	False	 13778
../../hard2/embed099.struct	True	 22808
Fail1: 12
