../../graphs/embed000.struct	--	 1003379
../../graphs/embed001.struct	--	 1000445
../../graphs/embed002.struct	--	 1003678
../../graphs/embed003.struct	--	 1006048
../../graphs/embed004.struct	--	 1010319
../../graphs/embed005.struct	--	 1000860
../../graphs/embed006.struct	--	 1001232
../../graphs/embed007.struct	--	 1004866
../../graphs/embed008.struct	--	 1001108
../../graphs/embed009.struct	--	 1010339
../../graphs/embed010.struct	--	 1006213
../../graphs/embed011.struct	--	 1010859
../../graphs/embed012.struct	--	 1009721
../../graphs/embed013.struct	--	 1008434
../../graphs/embed014.struct	--	 1003894
../../graphs/embed015.struct	--	 1015637
../../graphs/embed016.struct	--	 1008488
../../graphs/embed017.struct	--	 1000170
../../graphs/embed018.struct	--	 1009918
../../graphs/embed019.struct	--	 1002825
../../graphs/embed020.struct	--	 1000243
../../graphs/embed021.struct	--	 1000222
../../graphs/embed022.struct	--	 1006884
../../graphs/embed023.struct	--	 1005569
../../graphs/embed024.struct	--	 1010917
../../graphs/embed025.struct	--	 1010642
../../graphs/embed026.struct	--	 1016017
../../graphs/embed027.struct	--	 1003471
../../graphs/embed028.struct	--	 1001075
../../graphs/embed029.struct	--	 1000524
../../graphs/embed030.struct	--	 1016165
../../graphs/embed031.struct	--	 1009941
../../graphs/embed032.struct	--	 1000533
../../graphs/embed033.struct	--	 1010851
../../graphs/embed034.struct	--	 1066747
../../graphs/embed035.struct	--	 1008228
../../graphs/embed036.struct	--	 1003660
../../graphs/embed037.struct	--	 1000137
../../graphs/embed038.struct	--	 1000145
../../graphs/embed039.struct	--	 1000049
../../graphs/embed040.struct	--	 1000008
../../graphs/embed041.struct	--	 1000008
../../graphs/embed042.struct	--	 1000008
../../graphs/embed043.struct	--	 1000008
../../graphs/embed044.struct	--	 1000008
../../graphs/embed045.struct	--	 1000008
../../graphs/embed046.struct	--	 1000008
../../graphs/embed047.struct	--	 1000008
../../graphs/embed048.struct	--	 1000008
../../graphs/embed049.struct	--	 1000009
../../graphs/embed050.struct	--	 1000009
../../graphs/embed051.struct	--	 1000009
../../graphs/embed052.struct	--	 1000009
../../graphs/embed053.struct	--	 1000010
../../graphs/embed054.struct	--	 1000009
../../graphs/embed055.struct	--	 1000008
../../graphs/embed056.struct	--	 1000010
../../graphs/embed057.struct	--	 1000009
../../graphs/embed058.struct	--	 1000009
../../graphs/embed059.struct	--	 1000009
../../graphs/embed060.struct	--	 1000010
../../graphs/embed061.struct	--	 1000012
../../graphs/embed062.struct	--	 1000013
../../graphs/embed063.struct	--	 1000012
../../graphs/embed064.struct	--	 1000012
../../graphs/embed065.struct	--	 1000013
../../graphs/embed066.struct	--	 1000013
../../graphs/embed067.struct	--	 1000013
../../graphs/embed068.struct	--	 1000012
../../graphs/embed069.struct	--	 1000014
../../graphs/embed070.struct	--	 1000014
../../graphs/embed071.struct	--	 1000012
../../graphs/embed072.struct	--	 1000012
../../graphs/embed073.struct	--	 1000013
../../graphs/embed074.struct	--	 1000013
../../graphs/embed075.struct	--	 1000013
../../graphs/embed076.struct	--	 1000013
../../graphs/embed077.struct	--	 1000014
../../graphs/embed078.struct	--	 1000013
../../graphs/embed079.struct	--	 1000013
../../graphs/embed080.struct	--	 1000018
../../graphs/embed081.struct	--	 1000015
../../graphs/embed082.struct	--	 1000018
../../graphs/embed083.struct	--	 1000013
../../graphs/embed084.struct	--	 1000019
../../graphs/embed085.struct	--	 1000014
../../graphs/embed086.struct	--	 1000015
../../graphs/embed087.struct	--	 1000013
../../graphs/embed088.struct	--	 1000018
../../graphs/embed089.struct	--	 1000019
../../graphs/embed090.struct	--	 1000020
../../graphs/embed091.struct	--	 1000016
../../graphs/embed092.struct	--	 1000014
../../graphs/embed093.struct	--	 1000012
../../graphs/embed094.struct	--	 1000015
../../graphs/embed095.struct	--	 1000015
../../graphs/embed096.struct	--	 1000015
../../graphs/embed097.struct	--	 1000015
../../graphs/embed098.struct	--	 1000015
../../graphs/embed099.struct	--	 1000015
../../graphs/embed100.struct	--	 1000016
../../graphs/embed101.struct	--	 1000016
../../graphs/embed102.struct	--	 1000016
../../graphs/embed103.struct	--	 1000015
../../graphs/embed104.struct	--	 1000016
../../graphs/embed105.struct	--	 1000016
../../graphs/embed106.struct	--	 1000017
../../graphs/embed107.struct	--	 1000016
../../graphs/embed108.struct	--	 1000015
../../graphs/embed109.struct	--	 1000016
../../graphs/embed110.struct	--	 1000015
../../graphs/embed111.struct	--	 1000014
../../graphs/embed112.struct	--	 1000015
../../graphs/embed113.struct	--	 1000015
../../graphs/embed114.struct	--	 1000015
../../graphs/embed115.struct	--	 1000016
../../graphs/embed116.struct	--	 1000016
../../graphs/embed117.struct	--	 1000016
../../graphs/embed118.struct	--	 1000016
../../graphs/embed119.struct	--	 1000016
../../graphs/embed120.struct	--	 1000015
../../graphs/embed121.struct	--	 1000016
../../graphs/embed122.struct	--	 1000016
../../graphs/embed123.struct	--	 1000017
../../graphs/embed124.struct	--	 1000017
../../graphs/embed125.struct	--	 1000016
../../graphs/embed126.struct	--	 1000017
../../graphs/embed127.struct	--	 1000016
../../graphs/embed128.struct	--	 1000015
../../graphs/embed129.struct	--	 1000016
../../graphs/embed130.struct	--	 1000016
../../graphs/embed131.struct	--	 1000015
../../graphs/embed132.struct	--	 1000016
../../graphs/embed133.struct	--	 1000017
../../graphs/embed134.struct	--	 1000016
../../graphs/embed135.struct	--	 1000017
../../graphs/embed136.struct	--	 1000016
../../graphs/embed137.struct	--	 1000016
../../graphs/embed138.struct	--	 1000017
../../graphs/embed139.struct	--	 1000017
../../graphs/embed140.struct	--	 1000016
../../graphs/embed141.struct	--	 1000017
../../graphs/embed142.struct	--	 1000017
../../graphs/embed143.struct	--	 1000017
../../graphs/embed144.struct	--	 1000017
../../graphs/embed145.struct	--	 1000017
../../graphs/embed146.struct	--	 1000016
../../graphs/embed147.struct	--	 1000018
../../graphs/embed148.struct	--	 1000017
../../graphs/embed149.struct	--	 1000017
../../graphs/embed150.struct	--	 1000016
../../graphs/embed151.struct	--	 1000018
../../graphs/embed152.struct	--	 1000019
../../graphs/embed153.struct	--	 1000018
../../graphs/embed154.struct	--	 1000017
../../graphs/embed155.struct	--	 1000018
../../graphs/embed156.struct	--	 1000018
../../graphs/embed157.struct	--	 1000018
../../graphs/embed158.struct	--	 1000018
../../graphs/embed159.struct	--	 1000018
../../graphs/embed160.struct	--	 1000018
../../graphs/embed161.struct	--	 1000018
../../graphs/embed162.struct	--	 1000019
../../graphs/embed163.struct	--	 1000018
../../graphs/embed164.struct	--	 1000019
../../graphs/embed165.struct	--	 1000019
../../graphs/embed166.struct	--	 1000018
../../graphs/embed167.struct	--	 1000018
../../graphs/embed168.struct	--	 1000019
../../graphs/embed169.struct	--	 1000019
../../graphs/embed170.struct	--	 1000019
../../graphs/embed171.struct	--	 1000019
../../graphs/embed172.struct	--	 1000019
../../graphs/embed173.struct	--	 1000019
../../graphs/embed174.struct	--	 1000020
../../graphs/embed175.struct	--	 1000019
../../graphs/embed176.struct	--	 1000020
../../graphs/embed177.struct	--	 1000019
../../graphs/embed178.struct	--	 1000019
../../graphs/embed179.struct	--	 1000018
../../graphs/embed180.struct	--	 1000019
../../graphs/embed181.struct	--	 1000020
../../graphs/embed182.struct	--	 1000019
../../graphs/embed183.struct	--	 1000019
../../graphs/embed184.struct	--	 1000019
../../graphs/embed185.struct	--	 1000020
../../graphs/embed186.struct	--	 1000020
../../graphs/embed187.struct	--	 1000019
../../graphs/embed188.struct	--	 1000588
../../graphs/embed189.struct	--	 1000553
../../graphs/embed190.struct	--	 1000608
../../graphs/embed191.struct	--	 1000681
../../graphs/embed192.struct	--	 1000108
../../graphs/embed193.struct	--	 1000111
../../graphs/embed194.struct	--	 1000823
../../graphs/embed195.struct	--	 1000192
../../graphs/embed196.struct	--	 1000185
../../graphs/embed197.struct	--	 1000184
../../graphs/embed198.struct	--	 1000318
../../graphs/embed199.struct	--	 1000243
Fail1: 200
