../../hard3/embed000.struct	True	 1205
../../hard3/embed001.struct	False	 519
../../hard3/embed002.struct	False	 561
../../hard3/embed003.struct	False	 942
../../hard3/embed004.struct	True	 4089
../../hard3/embed005.struct	False	 2061
../../hard3/embed006.struct	False	 897
../../hard3/embed007.struct	False	 1379
../../hard3/embed008.struct	True	 685
../../hard3/embed009.struct	False	 1441
../../hard3/embed010.struct	True	 582
../../hard3/embed011.struct	True	 2922
../../hard3/embed012.struct	False	 270
../../hard3/embed013.struct	True	 3829
../../hard3/embed014.struct	True	 1155
../../hard3/embed015.struct	False	 578
../../hard3/embed016.struct	True	 1493
../../hard3/embed017.struct	False	 876
../../hard3/embed018.struct	True	 1256
../../hard3/embed019.struct	False	 594
../../hard3/embed020.struct	True	 397
../../hard3/embed021.struct	True	 1630
../../hard3/embed022.struct	True	 181
../../hard3/embed023.struct	True	 1194
../../hard3/embed024.struct	False	 2592
../../hard3/embed025.struct	False	 8518
../../hard3/embed026.struct	False	 1254
../../hard3/embed027.struct	False	 3893
../../hard3/embed028.struct	False	 345
../../hard3/embed029.struct	False	 1500
../../hard3/embed030.struct	True	 269
../../hard3/embed031.struct	False	 1018
../../hard3/embed032.struct	False	 807
../../hard3/embed033.struct	True	 114
../../hard3/embed034.struct	True	 179
../../hard3/embed035.struct	True	 1039
../../hard3/embed036.struct	False	 340
../../hard3/embed037.struct	True	 135
../../hard3/embed038.struct	False	 233
../../hard3/embed039.struct	False	 1462
../../hard3/embed040.struct	True	 787
../../hard3/embed041.struct	False	 1363
../../hard3/embed042.struct	True	 255
../../hard3/embed043.struct	True	 1696
../../hard3/embed044.struct	False	 330
../../hard3/embed045.struct	False	 374
../../hard3/embed046.struct	False	 874
../../hard3/embed047.struct	True	 138
../../hard3/embed048.struct	False	 822
../../hard3/embed049.struct	True	 492
../../hard3/embed050.struct	False	 5306
../../hard3/embed051.struct	True	 909
../../hard3/embed052.struct	False	 1568
../../hard3/embed053.struct	True	 714
../../hard3/embed054.struct	False	 460
../../hard3/embed055.struct	True	 580
../../hard3/embed056.struct	False	 416
../../hard3/embed057.struct	True	 772
../../hard3/embed058.struct	False	 4503
../../hard3/embed059.struct	True	 1047
../../hard3/embed060.struct	True	 261
../../hard3/embed061.struct	True	 1737
../../hard3/embed062.struct	False	 879
../../hard3/embed063.struct	True	 440
../../hard3/embed064.struct	False	 626
../../hard3/embed065.struct	False	 660
../../hard3/embed066.struct	False	 495
../../hard3/embed067.struct	True	 1572
../../hard3/embed068.struct	False	 599
../../hard3/embed069.struct	True	 172
../../hard3/embed070.struct	False	 4319
../../hard3/embed071.struct	True	 575
../../hard3/embed072.struct	False	 340
../../hard3/embed073.struct	True	 2049
../../hard3/embed074.struct	False	 1079
../../hard3/embed075.struct	True	 1096
../../hard3/embed076.struct	False	 1218
../../hard3/embed077.struct	True	 701
../../hard3/embed078.struct	True	 635
../../hard3/embed079.struct	False	 1134
../../hard3/embed080.struct	False	 262
../../hard3/embed081.struct	True	 289
../../hard3/embed082.struct	False	 4626
../../hard3/embed083.struct	True	 256
../../hard3/embed084.struct	False	 405
../../hard3/embed085.struct	True	 673
../../hard3/embed086.struct	False	 248
../../hard3/embed087.struct	True	 757
../../hard3/embed088.struct	True	 731
../../hard3/embed089.struct	True	 2545
../../hard3/embed090.struct	False	 1237
../../hard3/embed091.struct	False	 959
../../hard3/embed092.struct	False	 1336
../../hard3/embed093.struct	True	 1224
../../hard3/embed094.struct	False	 998
../../hard3/embed095.struct	True	 1012
../../hard3/embed096.struct	False	 1494
../../hard3/embed097.struct	True	 1189
../../hard3/embed098.struct	False	 969
../../hard3/embed099.struct	True	 928
Fail1: 0
