../../hard2/embed000.struct	False	 89
../../hard2/embed001.struct	False	 146
../../hard2/embed002.struct	False	 60
../../hard2/embed003.struct	False	 157
../../hard2/embed004.struct	False	 298
../../hard2/embed005.struct	True	 690
../../hard2/embed006.struct	False	 1099
../../hard2/embed007.struct	True	 644
../../hard2/embed008.struct	False	 2002
../../hard2/embed009.struct	True	 120
../../hard2/embed010.struct	False	 55
../../hard2/embed011.struct	True	 242
../../hard2/embed012.struct	False	 338
../../hard2/embed013.struct	True	 201
../../hard2/embed014.struct	False	 87
../../hard2/embed015.struct	True	 53
../../hard2/embed016.struct	False	 738
../../hard2/embed017.struct	True	 1197
../../hard2/embed018.struct	False	 338
../../hard2/embed019.struct	True	 39
../../hard2/embed020.struct	False	 62
../../hard2/embed021.struct	True	 524
../../hard2/embed022.struct	False	 1578
../../hard2/embed023.struct	True	 424
../../hard2/embed024.struct	False	 40
../../hard2/embed025.struct	True	 189
../../hard2/embed026.struct	False	 237
../../hard2/embed027.struct	True	 61
../../hard2/embed028.struct	False	 75
../../hard2/embed029.struct	True	 715
../../hard2/embed030.struct	False	 56
../../hard2/embed031.struct	True	 613
../../hard2/embed032.struct	False	 40
../../hard2/embed033.struct	True	 53
../../hard2/embed034.struct	False	 39
../../hard2/embed035.struct	True	 314
../../hard2/embed036.struct	False	 377
../../hard2/embed037.struct	True	 1412
../../hard2/embed038.struct	False	 78
../../hard2/embed039.struct	True	 1856
../../hard2/embed040.struct	False	 31
../../hard2/embed041.struct	True	 2437
../../hard2/embed042.struct	False	 1188
../../hard2/embed043.struct	True	 152
../../hard2/embed044.struct	False	 42
../../hard2/embed045.struct	True	 76
../../hard2/embed046.struct	False	 51
../../hard2/embed047.struct	True	 569
../../hard2/embed048.struct	False	 1231
../../hard2/embed049.struct	True	 52
../../hard2/embed050.struct	False	 723
../../hard2/embed051.struct	True	 66
../../hard2/embed052.struct	False	 32
../../hard2/embed053.struct	True	 192
../../hard2/embed054.struct	False	 92
../../hard2/embed055.struct	True	 1124
../../hard2/embed056.struct	False	 1423
../../hard2/embed057.struct	True	 461
../../hard2/embed058.struct	False	 41
../../hard2/embed059.struct	True	 111
../../hard2/embed060.struct	False	 540
../../hard2/embed061.struct	True	 4389
../../hard2/embed062.struct	False	 138
../../hard2/embed063.struct	True	 1184
../../hard2/embed064.struct	False	 156
../../hard2/embed065.struct	True	 2273
../../hard2/embed066.struct	False	 704
../../hard2/embed067.struct	True	 62
../../hard2/embed068.struct	False	 1380
../../hard2/embed069.struct	True	 153
../../hard2/embed070.struct	False	 211
../../hard2/embed071.struct	True	 736
../../hard2/embed072.struct	False	 604
../../hard2/embed073.struct	True	 332
../../hard2/embed074.struct	False	 67
../../hard2/embed075.struct	True	 141
../../hard2/embed076.struct	False	 1008
../../hard2/embed077.struct	True	 893
../../hard2/embed078.struct	False	 49
../../hard2/embed079.struct	True	 136
../../hard2/embed080.struct	False	 999
../../hard2/embed081.struct	True	 267
../../hard2/embed082.struct	False	 476
../../hard2/embed083.struct	True	 2429
../../hard2/embed084.struct	False	 31
../../hard2/embed085.struct	True	 6079
../../hard2/embed086.struct	False	 189
../../hard2/embed087.struct	True	 451
../../hard2/embed088.struct	True	 74
../../hard2/embed089.struct	False	 80
../../hard2/embed090.struct	False	 53
../../hard2/embed091.struct	True	 313
../../hard2/embed092.struct	False	 61
../../hard2/embed093.struct	True	 1849
../../hard2/embed094.struct	False	 35
../../hard2/embed095.struct	True	 66
../../hard2/embed096.struct	False	 3113
../../hard2/embed097.struct	True	 541
../../hard2/embed098.struct	False	 187
../../hard2/embed099.struct	True	 623
Fail1: 0
