../../graphs/embed000.struct	--	 1000134
../../graphs/embed001.struct	--	 1000131
../../graphs/embed002.struct	--	 1000022
../../graphs/embed003.struct	--	 1000024
../../graphs/embed004.struct	--	 1000023
../../graphs/embed005.struct	--	 1000028
../../graphs/embed006.struct	--	 1000020
../../graphs/embed007.struct	--	 1000023
../../graphs/embed008.struct	--	 1000021
../../graphs/embed009.struct	--	 1000023
../../graphs/embed010.struct	--	 1000023
../../graphs/embed011.struct	--	 1000026
../../graphs/embed012.struct	--	 1000025
../../graphs/embed013.struct	--	 1000022
../../graphs/embed014.struct	--	 1000023
../../graphs/embed015.struct	--	 1000025
../../graphs/embed016.struct	--	 1000024
../../graphs/embed017.struct	--	 1000034
../../graphs/embed018.struct	--	 1000033
../../graphs/embed019.struct	--	 1000022
../../graphs/embed020.struct	--	 1000026
../../graphs/embed021.struct	--	 1000026
../../graphs/embed022.struct	--	 1000021
../../graphs/embed023.struct	--	 1000031
../../graphs/embed024.struct	--	 1000024
../../graphs/embed025.struct	--	 1000044
../../graphs/embed026.struct	--	 1000024
../../graphs/embed027.struct	--	 1000043
../../graphs/embed028.struct	--	 1000053
../../graphs/embed029.struct	--	 1000022
../../graphs/embed030.struct	--	 1000031
../../graphs/embed031.struct	--	 1000025
../../graphs/embed032.struct	--	 1000030
../../graphs/embed033.struct	--	 1000024
../../graphs/embed034.struct	--	 1000030
../../graphs/embed035.struct	--	 1000028
../../graphs/embed036.struct	--	 1000034
../../graphs/embed037.struct	--	 1000039
../../graphs/embed038.struct	--	 1000021
../../graphs/embed039.struct	--	 1000038
../../graphs/embed040.struct	--	 1000022
../../graphs/embed041.struct	--	 1000034
../../graphs/embed042.struct	--	 1000025
../../graphs/embed043.struct	--	 1000030
../../graphs/embed044.struct	--	 1000028
../../graphs/embed045.struct	--	 1000036
../../graphs/embed046.struct	--	 1000032
../../graphs/embed047.struct	--	 1000021
../../graphs/embed048.struct	--	 1000034
../../graphs/embed049.struct	--	 1000024
../../graphs/embed050.struct	--	 1000029
../../graphs/embed051.struct	--	 1000017
../../graphs/embed052.struct	--	 1000017
../../graphs/embed053.struct	--	 1000038
../../graphs/embed054.struct	--	 1000028
../../graphs/embed055.struct	--	 1000024
../../graphs/embed056.struct	--	 1000044
../../graphs/embed057.struct	--	 1000034
../../graphs/embed058.struct	--	 1000039
../../graphs/embed059.struct	--	 1000052
../../graphs/embed060.struct	--	 1000036
../../graphs/embed061.struct	--	 1000034
../../graphs/embed062.struct	--	 1000042
../../graphs/embed063.struct	--	 1000050
../../graphs/embed064.struct	--	 1000041
../../graphs/embed065.struct	--	 1000039
../../graphs/embed066.struct	--	 1000044
../../graphs/embed067.struct	--	 1000031
../../graphs/embed068.struct	--	 1000030
../../graphs/embed069.struct	--	 1000027
../../graphs/embed070.struct	--	 1000032
../../graphs/embed071.struct	--	 1000045
../../graphs/embed072.struct	--	 1000029
../../graphs/embed073.struct	--	 1000034
../../graphs/embed074.struct	--	 1000047
../../graphs/embed075.struct	--	 1000037
../../graphs/embed076.struct	--	 1000050
../../graphs/embed077.struct	--	 1000036
../../graphs/embed078.struct	--	 1000047
../../graphs/embed079.struct	--	 1000037
../../graphs/embed080.struct	--	 1000031
../../graphs/embed081.struct	--	 1000040
../../graphs/embed082.struct	--	 1000036
../../graphs/embed083.struct	--	 1000048
../../graphs/embed084.struct	--	 1000032
../../graphs/embed085.struct	--	 1000037
../../graphs/embed086.struct	--	 1000060
../../graphs/embed087.struct	--	 1000043
../../graphs/embed088.struct	--	 1000047
../../graphs/embed089.struct	--	 1000043
../../graphs/embed090.struct	--	 1000037
../../graphs/embed091.struct	--	 1000036
../../graphs/embed092.struct	--	 1000043
../../graphs/embed093.struct	--	 1000031
../../graphs/embed094.struct	--	 1000039
../../graphs/embed095.struct	--	 1000047
../../graphs/embed096.struct	--	 1000039
../../graphs/embed097.struct	--	 1000052
../../graphs/embed098.struct	--	 1000043
../../graphs/embed099.struct	--	 1000036
../../graphs/embed100.struct	--	 1000056
../../graphs/embed101.struct	--	 1000047
../../graphs/embed102.struct	--	 1000051
../../graphs/embed103.struct	--	 1000049
../../graphs/embed104.struct	--	 1000033
../../graphs/embed105.struct	--	 1000040
../../graphs/embed106.struct	--	 1000048
../../graphs/embed107.struct	--	 1000060
../../graphs/embed108.struct	--	 1000061
../../graphs/embed109.struct	--	 1000045
../../graphs/embed110.struct	--	 1000064
../../graphs/embed111.struct	--	 1000042
../../graphs/embed112.struct	--	 1000059
../../graphs/embed113.struct	--	 1000032
../../graphs/embed114.struct	--	 1000064
../../graphs/embed115.struct	--	 1000051
../../graphs/embed116.struct	--	 1000049
../../graphs/embed117.struct	--	 1000038
../../graphs/embed118.struct	--	 1000060
../../graphs/embed119.struct	--	 1000052
../../graphs/embed120.struct	--	 1000049
../../graphs/embed121.struct	--	 1000035
../../graphs/embed122.struct	--	 1000056
../../graphs/embed123.struct	--	 1000064
../../graphs/embed124.struct	--	 1000059
../../graphs/embed125.struct	--	 1000056
../../graphs/embed126.struct	--	 1000048
../../graphs/embed127.struct	--	 1000056
../../graphs/embed128.struct	--	 1000068
../../graphs/embed129.struct	--	 1000063
../../graphs/embed130.struct	--	 1000057
../../graphs/embed131.struct	--	 1000038
../../graphs/embed132.struct	--	 1000048
../../graphs/embed133.struct	--	 1000076
../../graphs/embed134.struct	--	 1000063
../../graphs/embed135.struct	--	 1000051
../../graphs/embed136.struct	--	 1000048
../../graphs/embed137.struct	--	 1000060
../../graphs/embed138.struct	--	 1000068
../../graphs/embed139.struct	--	 1000044
../../graphs/embed140.struct	--	 1000048
../../graphs/embed141.struct	--	 1000056
../../graphs/embed142.struct	--	 1000052
../../graphs/embed143.struct	--	 1000060
../../graphs/embed144.struct	--	 1000067
../../graphs/embed145.struct	--	 1000056
../../graphs/embed146.struct	--	 1000055
../../graphs/embed147.struct	--	 1000052
../../graphs/embed148.struct	--	 1000072
../../graphs/embed149.struct	--	 1000064
../../graphs/embed150.struct	--	 1000053
../../graphs/embed151.struct	--	 1000141
../../graphs/embed152.struct	--	 1000240
../../graphs/embed153.struct	--	 1000163
../../graphs/embed154.struct	--	 1003265
../../graphs/embed155.struct	--	 1000240
../../graphs/embed156.struct	--	 1000155
../../graphs/embed157.struct	--	 1000639
../../graphs/embed158.struct	--	 1000187
../../graphs/embed159.struct	--	 1000192
../../graphs/embed160.struct	--	 1000174
../../graphs/embed161.struct	--	 1000320
../../graphs/embed162.struct	--	 1000179
../../graphs/embed163.struct	--	 1000134
../../graphs/embed164.struct	--	 1000137
../../graphs/embed165.struct	--	 1000166
../../graphs/embed166.struct	--	 1000168
../../graphs/embed167.struct	Error	 113991
../../graphs/embed168.struct	--	 1000137
../../graphs/embed169.struct	--	 1000203
../../graphs/embed170.struct	--	 1000138
../../graphs/embed171.struct	--	 1004195
../../graphs/embed172.struct	Error	 277158
../../graphs/embed173.struct	--	 1000175
../../graphs/embed174.struct	--	 1000138
../../graphs/embed175.struct	--	 1000161
../../graphs/embed176.struct	Error	 48996
../../graphs/embed177.struct	--	 1000120
../../graphs/embed178.struct	--	 1000150
../../graphs/embed179.struct	--	 1000103
../../graphs/embed180.struct	--	 1000129
../../graphs/embed181.struct	--	 1000142
../../graphs/embed182.struct	--	 1000123
../../graphs/embed183.struct	--	 1000146
../../graphs/embed184.struct	False	 186261
../../graphs/embed185.struct	Error	 47684
../../graphs/embed186.struct	Error	 17981
../../graphs/embed187.struct	--	 1004334
../../graphs/embed188.struct	Error	 170910
../../graphs/embed189.struct	--	 1000099
../../graphs/embed190.struct	--	 1001435
../../graphs/embed191.struct	--	 1001100
../../graphs/embed192.struct	Error	 628280
../../graphs/embed193.struct	--	 1002309
../../graphs/embed194.struct	Error	 135460
../../graphs/embed195.struct	Error	 249086
../../graphs/embed196.struct	Error	 119809
../../graphs/embed197.struct	--	 1003092
../../graphs/embed198.struct	Error	 361463
../../graphs/embed199.struct	--	 1002915
Fail1: 199
