../../hard2//embed000.struct	False	 9228
../../hard2//embed001.struct	False	 1821
../../hard2//embed002.struct	False	 173
../../hard2//embed003.struct	False	 229
../../hard2//embed004.struct	--	 100005
../../hard2//embed005.struct	True	 73820
../../hard2//embed006.struct	False	 16799
../../hard2//embed007.struct	--	 100012
../../hard2//embed008.struct	--	 100013
../../hard2//embed009.struct	True	 47765
../../hard2//embed010.struct	False	 752
../../hard2//embed011.struct	True	 25781
../../hard2//embed012.struct	--	 100012
../../hard2//embed013.struct	--	 100016
../../hard2//embed014.struct	False	 177
../../hard2//embed015.struct	True	 647
../../hard2//embed016.struct	False	 42942
../../hard2//embed017.struct	True	 2417
../../hard2//embed018.struct	--	 100014
../../hard2//embed019.struct	True	 785
../../hard2//embed020.struct	False	 233
../../hard2//embed021.struct	--	 100015
../../hard2//embed022.struct	--	 100014
../../hard2//embed023.struct	--	 100013
../../hard2//embed024.struct	False	 862
../../hard2//embed025.struct	True	 33500
../../hard2//embed026.struct	False	 3781
../../hard2//embed027.struct	True	 735
../../hard2//embed028.struct	False	 252
../../hard2//embed029.struct	True	 23531
../../hard2//embed030.struct	False	 377
../../hard2//embed031.struct	True	 85260
../../hard2//embed032.struct	False	 69
../../hard2//embed033.struct	True	 3370
../../hard2//embed034.struct	False	 127
../../hard2//embed035.struct	True	 8407
../../hard2//embed036.struct	False	 18031
../../hard2//embed037.struct	--	 100014
../../hard2//embed038.struct	False	 16110
../../hard2//embed039.struct	--	 100013
../../hard2//embed040.struct	False	 78
../../hard2//embed041.struct	True	 29549
../../hard2//embed042.struct	False	 1413
../../hard2//embed043.struct	True	 13105
../../hard2//embed044.struct	False	 1886
../../hard2//embed045.struct	--	 100015
../../hard2//embed046.struct	False	 1103
../../hard2//embed047.struct	True	 83182
../../hard2//embed048.struct	False	 96965
../../hard2//embed049.struct	--	 100012
../../hard2//embed050.struct	--	 100014
../../hard2//embed051.struct	--	 100014
../../hard2//embed052.struct	False	 105
../../hard2//embed053.struct	True	 22491
../../hard2//embed054.struct	False	 305
../../hard2//embed055.struct	True	 14645
../../hard2//embed056.struct	--	 100015
../../hard2//embed057.struct	--	 100014
../../hard2//embed058.struct	False	 1418
../../hard2//embed059.struct	True	 4340
../../hard2//embed060.struct	False	 14162
../../hard2//embed061.struct	--	 100014
../../hard2//embed062.struct	False	 1872
../../hard2//embed063.struct	True	 27420
../../hard2//embed064.struct	False	 1870
../../hard2//embed065.struct	--	 100014
../../hard2//embed066.struct	--	 100014
../../hard2//embed067.struct	True	 1161
../../hard2//embed068.struct	False	 1119
../../hard2//embed069.struct	True	 17390
../../hard2//embed070.struct	False	 8969
../../hard2//embed071.struct	--	 100015
../../hard2//embed072.struct	--	 100015
../../hard2//embed073.struct	True	 4304
../../hard2//embed074.struct	False	 326
../../hard2//embed075.struct	True	 2005
../../hard2//embed076.struct	--	 100014
../../hard2//embed077.struct	--	 100016
../../hard2//embed078.struct	False	 122
../../hard2//embed079.struct	True	 16176
../../hard2//embed080.struct	--	 100014
../../hard2//embed081.struct	True	 12307
../../hard2//embed082.struct	--	 100014
../../hard2//embed083.struct	--	 100014
../../hard2//embed084.struct	False	 56
../../hard2//embed085.struct	--	 100016
../../hard2//embed086.struct	False	 66799
../../hard2//embed087.struct	--	 100014
../../hard2//embed088.struct	True	 999
../../hard2//embed089.struct	False	 132
../../hard2//embed090.struct	False	 190
../../hard2//embed091.struct	--	 100014
../../hard2//embed092.struct	False	 3101
../../hard2//embed093.struct	True	 7471
../../hard2//embed094.struct	False	 326
../../hard2//embed095.struct	True	 10894
../../hard2//embed096.struct	--	 100016
../../hard2//embed097.struct	True	 6378
../../hard2//embed098.struct	False	 13428
../../hard2//embed099.struct	--	 100015
Fail1: 32
