../../graphs/embed000.struct	--	 1005911
../../graphs/embed001.struct	Error	 101920
../../graphs/embed002.struct	Error	 69904
../../graphs/embed003.struct	Error	 239860
../../graphs/embed004.struct	--	 1000304
../../graphs/embed005.struct	--	 1001970
../../graphs/embed006.struct	Error	 406178
../../graphs/embed007.struct	Error	 112200
../../graphs/embed008.struct	Error	 47105
../../graphs/embed009.struct	Error	 37093
../../graphs/embed010.struct	Error	 36706
../../graphs/embed011.struct	Error	 40337
../../graphs/embed012.struct	Error	 44175
../../graphs/embed013.struct	Error	 56166
../../graphs/embed014.struct	Error	 53987
../../graphs/embed015.struct	Error	 63065
../../graphs/embed016.struct	Error	 87214
../../graphs/embed017.struct	Error	 489731
../../graphs/embed018.struct	Error	 70191
../../graphs/embed019.struct	Error	 66443
../../graphs/embed020.struct	Error	 98301
../../graphs/embed021.struct	Error	 41107
../../graphs/embed022.struct	Error	 85081
../../graphs/embed023.struct	Error	 208642
../../graphs/embed024.struct	Error	 37614
../../graphs/embed025.struct	Error	 66142
../../graphs/embed026.struct	Error	 127855
../../graphs/embed027.struct	Error	 65678
../../graphs/embed028.struct	Error	 117026
../../graphs/embed029.struct	Error	 541643
../../graphs/embed030.struct	Error	 120985
../../graphs/embed031.struct	Error	 372065
../../graphs/embed032.struct	Error	 45400
../../graphs/embed033.struct	Error	 147839
../../graphs/embed034.struct	Error	 193899
../../graphs/embed035.struct	Error	 74581
../../graphs/embed036.struct	Error	 528159
../../graphs/embed037.struct	Error	 173776
../../graphs/embed038.struct	Error	 112497
../../graphs/embed039.struct	Error	 74276
../../graphs/embed040.struct	Error	 223131
../../graphs/embed041.struct	Error	 470950
../../graphs/embed042.struct	--	 1001513
../../graphs/embed043.struct	Error	 354539
../../graphs/embed044.struct	Error	 656302
../../graphs/embed045.struct	--	 1000166
../../graphs/embed046.struct	Error	 79721
../../graphs/embed047.struct	Error	 278348
../../graphs/embed048.struct	Error	 375912
../../graphs/embed049.struct	Error	 201132
../../graphs/embed050.struct	--	 1003188
../../graphs/embed051.struct	Error	 388905
../../graphs/embed052.struct	Error	 76623
../../graphs/embed053.struct	Error	 71148
../../graphs/embed054.struct	--	 1004133
../../graphs/embed055.struct	Error	 89962
../../graphs/embed056.struct	Error	 114758
../../graphs/embed057.struct	Error	 113267
../../graphs/embed058.struct	Error	 156634
../../graphs/embed059.struct	Error	 97774
../../graphs/embed060.struct	Error	 132894
../../graphs/embed061.struct	Error	 185089
../../graphs/embed062.struct	Error	 123724
../../graphs/embed063.struct	Error	 190400
../../graphs/embed064.struct	Error	 76324
../../graphs/embed065.struct	Error	 736595
../../graphs/embed066.struct	Error	 348036
../../graphs/embed067.struct	Error	 193828
../../graphs/embed068.struct	Error	 556579
../../graphs/embed069.struct	Error	 180829
../../graphs/embed070.struct	Error	 335266
../../graphs/embed071.struct	Error	 104997
../../graphs/embed072.struct	Error	 51358
../../graphs/embed073.struct	Error	 83130
../../graphs/embed074.struct	Error	 41240
../../graphs/embed075.struct	Error	 37092
../../graphs/embed076.struct	Error	 40141
../../graphs/embed077.struct	Error	 39785
../../graphs/embed078.struct	Error	 46034
../../graphs/embed079.struct	Error	 68183
../../graphs/embed080.struct	Error	 302297
../../graphs/embed081.struct	Error	 87136
../../graphs/embed082.struct	Error	 58093
../../graphs/embed083.struct	Error	 55509
../../graphs/embed084.struct	Error	 50768
../../graphs/embed085.struct	--	 1004031
../../graphs/embed086.struct	Error	 366450
../../graphs/embed087.struct	Error	 64969
../../graphs/embed088.struct	Error	 39622
../../graphs/embed089.struct	Error	 495274
../../graphs/embed090.struct	Error	 54710
../../graphs/embed091.struct	Error	 44004
../../graphs/embed092.struct	Error	 90733
../../graphs/embed093.struct	Error	 733793
../../graphs/embed094.struct	--	 1001361
../../graphs/embed095.struct	--	 1001056
../../graphs/embed096.struct	--	 1001359
../../graphs/embed097.struct	--	 1001518
../../graphs/embed098.struct	Error	 157302
../../graphs/embed099.struct	Error	 100262
../../graphs/embed100.struct	Error	 47537
../../graphs/embed101.struct	Error	 753642
../../graphs/embed102.struct	--	 1001771
../../graphs/embed103.struct	Error	 46857
../../graphs/embed104.struct	--	 1002719
../../graphs/embed105.struct	--	 1001231
../../graphs/embed106.struct	--	 1001589
../../graphs/embed107.struct	Error	 263281
../../graphs/embed108.struct	Error	 60998
../../graphs/embed109.struct	Error	 52854
../../graphs/embed110.struct	Error	 53350
../../graphs/embed111.struct	Error	 87727
../../graphs/embed112.struct	Error	 60739
../../graphs/embed113.struct	Error	 51898
../../graphs/embed114.struct	Error	 105405
../../graphs/embed115.struct	Error	 86386
../../graphs/embed116.struct	Error	 43856
../../graphs/embed117.struct	Error	 142949
../../graphs/embed118.struct	--	 1000164
../../graphs/embed119.struct	Error	 176796
../../graphs/embed120.struct	Error	 68492
../../graphs/embed121.struct	Error	 45527
../../graphs/embed122.struct	Error	 49384
../../graphs/embed123.struct	Error	 81229
../../graphs/embed124.struct	Error	 84277
../../graphs/embed125.struct	Error	 100159
../../graphs/embed126.struct	Error	 54394
../../graphs/embed127.struct	Error	 54712
../../graphs/embed128.struct	Error	 60491
../../graphs/embed129.struct	Error	 57184
../../graphs/embed130.struct	Error	 169256
../../graphs/embed131.struct	--	 1000334
../../graphs/embed132.struct	Error	 642869
../../graphs/embed133.struct	Error	 70638
../../graphs/embed134.struct	Error	 53451
../../graphs/embed135.struct	Error	 66149
../../graphs/embed136.struct	Error	 249944
../../graphs/embed137.struct	Error	 47005
../../graphs/embed138.struct	Error	 41873
../../graphs/embed139.struct	Error	 37776
../../graphs/embed140.struct	Error	 43946
../../graphs/embed141.struct	Error	 82664
../../graphs/embed142.struct	Error	 90483
../../graphs/embed143.struct	--	 1000456
../../graphs/embed144.struct	--	 1003906
../../graphs/embed145.struct	--	 1001578
../../graphs/embed146.struct	--	 1000172
../../graphs/embed147.struct	Error	 65113
../../graphs/embed148.struct	Error	 34976
../../graphs/embed149.struct	Error	 28001
../../graphs/embed150.struct	Error	 156811
../../graphs/embed151.struct	Error	 423963
../../graphs/embed152.struct	--	 1001078
../../graphs/embed153.struct	Error	 89113
../../graphs/embed154.struct	Error	 54354
../../graphs/embed155.struct	Error	 46124
../../graphs/embed156.struct	Error	 421879
../../graphs/embed157.struct	Error	 56500
../../graphs/embed158.struct	Error	 75359
../../graphs/embed159.struct	Error	 67980
../../graphs/embed160.struct	Error	 44409
../../graphs/embed161.struct	Error	 56045
../../graphs/embed162.struct	Error	 60580
../../graphs/embed163.struct	Error	 264993
../../graphs/embed164.struct	Error	 41937
../../graphs/embed165.struct	Error	 36289
../../graphs/embed166.struct	Error	 41257
../../graphs/embed167.struct	Error	 220948
../../graphs/embed168.struct	Error	 57239
../../graphs/embed169.struct	Error	 30659
../../graphs/embed170.struct	Error	 29614
../../graphs/embed171.struct	Error	 148714
../../graphs/embed172.struct	Error	 353142
../../graphs/embed173.struct	Error	 47957
../../graphs/embed174.struct	Error	 615336
../../graphs/embed175.struct	--	 1000711
../../graphs/embed176.struct	--	 1000898
../../graphs/embed177.struct	--	 1000720
../../graphs/embed178.struct	--	 1000938
../../graphs/embed179.struct	--	 1000932
../../graphs/embed180.struct	Error	 112431
../../graphs/embed181.struct	Error	 82073
../../graphs/embed182.struct	Error	 58688
../../graphs/embed183.struct	Error	 50214
../../graphs/embed184.struct	Error	 150992
../../graphs/embed185.struct	Error	 801613
../../graphs/embed186.struct	--	 1002063
../../graphs/embed187.struct	--	 1003097
../../graphs/embed188.struct	Error	 59696
../../graphs/embed189.struct	Error	 217553
../../graphs/embed190.struct	Error	 45445
../../graphs/embed191.struct	Error	 41665
../../graphs/embed192.struct	Error	 34166
../../graphs/embed193.struct	Error	 66690
../../graphs/embed194.struct	Error	 164385
../../graphs/embed195.struct	Error	 110285
../../graphs/embed196.struct	Error	 62370
../../graphs/embed197.struct	Error	 118902
../../graphs/embed198.struct	Error	 53099
../../graphs/embed199.struct	Error	 32700
Fail1: 200
