../../hard2/embed000.struct	--	 100031
../../hard2/embed001.struct	--	 100027
../../hard2/embed002.struct	False	 14832
../../hard2/embed003.struct	False	 23417
../../hard2/embed004.struct	--	 100022
../../hard2/embed005.struct	--	 100044
../../hard2/embed006.struct	--	 100030
../../hard2/embed007.struct	--	 100034
../../hard2/embed008.struct	--	 100028
../../hard2/embed009.struct	--	 100037
../../hard2/embed010.struct	False	 44592
../../hard2/embed011.struct	--	 100039
../../hard2/embed012.struct	--	 100034
../../hard2/embed013.struct	--	 100022
../../hard2/embed014.struct	False	 10196
../../hard2/embed015.struct	True	 23584
../../hard2/embed016.struct	--	 100031
../../hard2/embed017.struct	--	 100023
../../hard2/embed018.struct	--	 100027
../../hard2/embed019.struct	True	 42373
../../hard2/embed020.struct	False	 6588
../../hard2/embed021.struct	--	 100025
../../hard2/embed022.struct	--	 100020
../../hard2/embed023.struct	--	 100040
../../hard2/embed024.struct	False	 23426
../../hard2/embed025.struct	--	 100031
../../hard2/embed026.struct	--	 100031
../../hard2/embed027.struct	True	 51145
../../hard2/embed028.struct	False	 14378
../../hard2/embed029.struct	--	 100022
../../hard2/embed030.struct	False	 16892
../../hard2/embed031.struct	--	 100033
../../hard2/embed032.struct	False	 2245
../../hard2/embed033.struct	True	 48058
../../hard2/embed034.struct	False	 6991
../../hard2/embed035.struct	--	 100020
../../hard2/embed036.struct	--	 100022
../../hard2/embed037.struct	--	 100025
../../hard2/embed038.struct	--	 100036
../../hard2/embed039.struct	--	 100024
../../hard2/embed040.struct	False	 4646
../../hard2/embed041.struct	--	 100042
../../hard2/embed042.struct	False	 52312
../../hard2/embed043.struct	--	 100021
../../hard2/embed044.struct	False	 48132
../../hard2/embed045.struct	--	 100033
../../hard2/embed046.struct	False	 14008
../../hard2/embed047.struct	--	 100026
../../hard2/embed048.struct	--	 100069
../../hard2/embed049.struct	--	 100024
../../hard2/embed050.struct	--	 100031
../../hard2/embed051.struct	--	 100025
../../hard2/embed052.struct	False	 5521
../../hard2/embed053.struct	--	 100018
../../hard2/embed054.struct	False	 16959
../../hard2/embed055.struct	True	 43088
../../hard2/embed056.struct	--	 100046
../../hard2/embed057.struct	--	 100022
../../hard2/embed058.struct	False	 28164
../../hard2/embed059.struct	--	 100030
../../hard2/embed060.struct	--	 100025
../../hard2/embed061.struct	--	 100041
../../hard2/embed062.struct	False	 76404
../../hard2/embed063.struct	--	 100030
../../hard2/embed064.struct	--	 100004
../../hard2/embed065.struct	--	 100004
../../hard2/embed066.struct	--	 100005
../../hard2/embed067.struct	True	 66580
../../hard2/embed068.struct	False	 97599
../../hard2/embed069.struct	--	 100005
../../hard2/embed070.struct	--	 100005
../../hard2/embed071.struct	--	 100004
../../hard2/embed072.struct	--	 100005
../../hard2/embed073.struct	True	 94949
../../hard2/embed074.struct	False	 16113
../../hard2/embed075.struct	--	 100004
../../hard2/embed076.struct	--	 100004
../../hard2/embed077.struct	--	 100005
../../hard2/embed078.struct	False	 2909
../../hard2/embed079.struct	--	 100005
../../hard2/embed080.struct	--	 100005
../../hard2/embed081.struct	--	 100004
../../hard2/embed082.struct	--	 100005
../../hard2/embed083.struct	--	 100004
../../hard2/embed084.struct	False	 1195
../../hard2/embed085.struct	--	 100006
../../hard2/embed086.struct	--	 100004
../../hard2/embed087.struct	--	 100004
../../hard2/embed088.struct	True	 17952
../../hard2/embed089.struct	False	 6417
../../hard2/embed090.struct	False	 10198
../../hard2/embed091.struct	--	 100005
../../hard2/embed092.struct	False	 78497
../../hard2/embed093.struct	--	 100004
../../hard2/embed094.struct	False	 17863
../../hard2/embed095.struct	--	 100004
../../hard2/embed096.struct	--	 100006
../../hard2/embed097.struct	--	 100004
../../hard2/embed098.struct	--	 100004
../../hard2/embed099.struct	--	 100005
Fail1: 66
