../../graphs/embed000.struct	--	 1003383
../../graphs/embed001.struct	True	 44854
../../graphs/embed002.struct	--	 1004039
../../graphs/embed003.struct	True	 55374
../../graphs/embed004.struct	--	 1004292
../../graphs/embed005.struct	--	 1008764
../../graphs/embed006.struct	True	 171015
../../graphs/embed007.struct	True	 631064
../../graphs/embed008.struct	--	 1005394
../../graphs/embed009.struct	--	 1013910
../../graphs/embed010.struct	--	 1004321
../../graphs/embed011.struct	--	 1006861
../../graphs/embed012.struct	--	 1000422
../../graphs/embed013.struct	--	 1002368
../../graphs/embed014.struct	--	 1004610
../../graphs/embed015.struct	--	 1009129
../../graphs/embed016.struct	--	 1008042
../../graphs/embed017.struct	--	 1002734
../../graphs/embed018.struct	--	 1000761
../../graphs/embed019.struct	True	 131055
../../graphs/embed020.struct	--	 1003496
../../graphs/embed021.struct	--	 1003337
../../graphs/embed022.struct	True	 42066
../../graphs/embed023.struct	--	 1007549
../../graphs/embed024.struct	--	 1001082
../../graphs/embed025.struct	False	 44885
../../graphs/embed026.struct	--	 1007679
../../graphs/embed027.struct	--	 1006289
../../graphs/embed028.struct	--	 1003763
../../graphs/embed029.struct	--	 1002607
../../graphs/embed030.struct	--	 1005254
../../graphs/embed031.struct	--	 1006872
../../graphs/embed032.struct	--	 1004377
../../graphs/embed033.struct	--	 1011555
../../graphs/embed034.struct	--	 1023549
../../graphs/embed035.struct	--	 1013470
../../graphs/embed036.struct	--	 1009802
../../graphs/embed037.struct	--	 1008286
../../graphs/embed038.struct	--	 1005245
../../graphs/embed039.struct	--	 1008742
../../graphs/embed040.struct	--	 1003362
../../graphs/embed041.struct	--	 1012827
../../graphs/embed042.struct	True	 55955
../../graphs/embed043.struct	--	 1018011
../../graphs/embed044.struct	--	 1001006
../../graphs/embed045.struct	--	 1000121
../../graphs/embed046.struct	--	 1000012
../../graphs/embed047.struct	--	 1000012
../../graphs/embed048.struct	--	 1000012
../../graphs/embed049.struct	--	 1000014
../../graphs/embed050.struct	--	 1000013
../../graphs/embed051.struct	--	 1000014
../../graphs/embed052.struct	--	 1000013
../../graphs/embed053.struct	--	 1000012
../../graphs/embed054.struct	--	 1000013
../../graphs/embed055.struct	--	 1000013
../../graphs/embed056.struct	--	 1000014
../../graphs/embed057.struct	--	 1000013
../../graphs/embed058.struct	--	 1000013
../../graphs/embed059.struct	--	 1000014
../../graphs/embed060.struct	--	 1000014
../../graphs/embed061.struct	--	 1000013
../../graphs/embed062.struct	--	 1000014
../../graphs/embed063.struct	--	 1000014
../../graphs/embed064.struct	--	 1000014
../../graphs/embed065.struct	--	 1000015
../../graphs/embed066.struct	--	 1000020
../../graphs/embed067.struct	--	 1000013
../../graphs/embed068.struct	True	 69406
../../graphs/embed069.struct	--	 1000014
../../graphs/embed070.struct	--	 1000014
../../graphs/embed071.struct	True	 319479
../../graphs/embed072.struct	--	 1000014
../../graphs/embed073.struct	--	 1000015
../../graphs/embed074.struct	--	 1000015
../../graphs/embed075.struct	--	 1000014
../../graphs/embed076.struct	--	 1000014
../../graphs/embed077.struct	--	 1000014
../../graphs/embed078.struct	--	 1000014
../../graphs/embed079.struct	--	 1000014
../../graphs/embed080.struct	--	 1000017
../../graphs/embed081.struct	--	 1000015
../../graphs/embed082.struct	--	 1000018
../../graphs/embed083.struct	--	 1000015
../../graphs/embed084.struct	--	 1000017
../../graphs/embed085.struct	--	 1000014
../../graphs/embed086.struct	--	 1000015
../../graphs/embed087.struct	--	 1000015
../../graphs/embed088.struct	--	 1000018
../../graphs/embed089.struct	--	 1000018
../../graphs/embed090.struct	--	 1000018
../../graphs/embed091.struct	--	 1000015
../../graphs/embed092.struct	--	 1000018
../../graphs/embed093.struct	--	 1000015
../../graphs/embed094.struct	--	 1000018
../../graphs/embed095.struct	--	 1000018
../../graphs/embed096.struct	--	 1000019
../../graphs/embed097.struct	--	 1000019
../../graphs/embed098.struct	--	 1000019
../../graphs/embed099.struct	--	 1000020
../../graphs/embed100.struct	--	 1000018
../../graphs/embed101.struct	--	 1000020
../../graphs/embed102.struct	--	 1000020
../../graphs/embed103.struct	--	 1000019
../../graphs/embed104.struct	--	 1000021
../../graphs/embed105.struct	--	 1000021
../../graphs/embed106.struct	--	 1000020
../../graphs/embed107.struct	--	 1000021
../../graphs/embed108.struct	--	 1000021
../../graphs/embed109.struct	--	 1000021
../../graphs/embed110.struct	--	 1000020
../../graphs/embed111.struct	--	 1000020
../../graphs/embed112.struct	--	 1000021
../../graphs/embed113.struct	--	 1000021
../../graphs/embed114.struct	--	 1000021
../../graphs/embed115.struct	--	 1000021
../../graphs/embed116.struct	--	 1000021
../../graphs/embed117.struct	True	 42747
../../graphs/embed118.struct	--	 1000021
../../graphs/embed119.struct	--	 1000021
../../graphs/embed120.struct	--	 1000021
../../graphs/embed121.struct	--	 1000022
../../graphs/embed122.struct	--	 1000022
../../graphs/embed123.struct	--	 1000023
../../graphs/embed124.struct	--	 1000022
../../graphs/embed125.struct	--	 1000022
../../graphs/embed126.struct	--	 1000023
../../graphs/embed127.struct	--	 1000021
../../graphs/embed128.struct	--	 1000022
../../graphs/embed129.struct	--	 1000023
../../graphs/embed130.struct	--	 1000022
../../graphs/embed131.struct	--	 1000022
../../graphs/embed132.struct	--	 1000022
../../graphs/embed133.struct	--	 1000023
../../graphs/embed134.struct	--	 1000023
../../graphs/embed135.struct	--	 1000023
../../graphs/embed136.struct	--	 1000023
../../graphs/embed137.struct	--	 1000023
../../graphs/embed138.struct	--	 1000023
../../graphs/embed139.struct	--	 1000024
../../graphs/embed140.struct	--	 1000023
../../graphs/embed141.struct	--	 1000024
../../graphs/embed142.struct	--	 1000023
../../graphs/embed143.struct	--	 1000025
../../graphs/embed144.struct	--	 1000024
../../graphs/embed145.struct	--	 1000024
../../graphs/embed146.struct	--	 1000023
../../graphs/embed147.struct	--	 1000024
../../graphs/embed148.struct	--	 1000023
../../graphs/embed149.struct	--	 1000024
../../graphs/embed150.struct	--	 1000023
../../graphs/embed151.struct	--	 1000024
../../graphs/embed152.struct	--	 1000026
../../graphs/embed153.struct	--	 1000025
../../graphs/embed154.struct	--	 1000025
../../graphs/embed155.struct	--	 1000026
../../graphs/embed156.struct	--	 1000025
../../graphs/embed157.struct	--	 1000026
../../graphs/embed158.struct	--	 1000025
../../graphs/embed159.struct	--	 1000024
../../graphs/embed160.struct	--	 1000025
../../graphs/embed161.struct	--	 1000026
../../graphs/embed162.struct	--	 1000025
../../graphs/embed163.struct	--	 1000026
../../graphs/embed164.struct	--	 1000027
../../graphs/embed165.struct	--	 1000026
../../graphs/embed166.struct	--	 1000025
../../graphs/embed167.struct	--	 1000026
../../graphs/embed168.struct	--	 1000026
../../graphs/embed169.struct	--	 1000027
../../graphs/embed170.struct	--	 1000028
../../graphs/embed171.struct	--	 1000028
../../graphs/embed172.struct	--	 1000028
../../graphs/embed173.struct	--	 1000028
../../graphs/embed174.struct	--	 1000027
../../graphs/embed175.struct	True	 159994
../../graphs/embed176.struct	True	 35975
../../graphs/embed177.struct	--	 1000026
../../graphs/embed178.struct	--	 1000028
../../graphs/embed179.struct	--	 1000027
../../graphs/embed180.struct	--	 1000028
../../graphs/embed181.struct	--	 1000028
../../graphs/embed182.struct	--	 1000028
../../graphs/embed183.struct	--	 1000027
../../graphs/embed184.struct	--	 1000029
../../graphs/embed185.struct	--	 1000028
../../graphs/embed186.struct	--	 1000027
../../graphs/embed187.struct	--	 1000029
../../graphs/embed188.struct	--	 1000027
../../graphs/embed189.struct	--	 1000027
../../graphs/embed190.struct	--	 1000028
../../graphs/embed191.struct	--	 1000028
../../graphs/embed192.struct	--	 1000029
../../graphs/embed193.struct	--	 1000028
../../graphs/embed194.struct	--	 1000029
../../graphs/embed195.struct	--	 1000028
../../graphs/embed196.struct	--	 1000028
../../graphs/embed197.struct	--	 1000028
../../graphs/embed198.struct	--	 1000028
../../graphs/embed199.struct	--	 1000028
Fail1: 187
