../../hard2/embed000.struct	False	 676
../../hard2/embed001.struct	False	 167
../../hard2/embed002.struct	False	 67
../../hard2/embed003.struct	False	 46
../../hard2/embed004.struct	False	 5556
../../hard2/embed005.struct	True	 2849
../../hard2/embed006.struct	False	 538
../../hard2/embed007.struct	True	 1475
../../hard2/embed008.struct	False	 19404
../../hard2/embed009.struct	True	 601
../../hard2/embed010.struct	False	 50
../../hard2/embed011.struct	True	 192
../../hard2/embed012.struct	False	 3181
../../hard2/embed013.struct	True	 1781
../../hard2/embed014.struct	False	 50
../../hard2/embed015.struct	True	 72
../../hard2/embed016.struct	False	 593
../../hard2/embed017.struct	True	 548
../../hard2/embed018.struct	False	 873
../../hard2/embed019.struct	True	 39
../../hard2/embed020.struct	False	 57
../../hard2/embed021.struct	True	 7846
../../hard2/embed022.struct	False	 8372
../../hard2/embed023.struct	True	 1677
../../hard2/embed024.struct	False	 99
../../hard2/embed025.struct	True	 118
../../hard2/embed026.struct	False	 280
../../hard2/embed027.struct	True	 106
../../hard2/embed028.struct	False	 62
../../hard2/embed029.struct	True	 881
../../hard2/embed030.struct	False	 50
../../hard2/embed031.struct	True	 807
../../hard2/embed032.struct	False	 22
../../hard2/embed033.struct	True	 191
../../hard2/embed034.struct	False	 34
../../hard2/embed035.struct	True	 143
../../hard2/embed036.struct	False	 429
../../hard2/embed037.struct	True	 3470
../../hard2/embed038.struct	False	 666
../../hard2/embed039.struct	True	 355
../../hard2/embed040.struct	False	 23
../../hard2/embed041.struct	True	 207
../../hard2/embed042.struct	False	 122
../../hard2/embed043.struct	True	 450
../../hard2/embed044.struct	False	 79
../../hard2/embed045.struct	True	 266
../../hard2/embed046.struct	False	 42
../../hard2/embed047.struct	True	 237
../../hard2/embed048.struct	False	 1801
../../hard2/embed049.struct	True	 277
../../hard2/embed050.struct	False	 777
../../hard2/embed051.struct	True	 1691
../../hard2/embed052.struct	False	 25
../../hard2/embed053.struct	True	 405
../../hard2/embed054.struct	False	 48
../../hard2/embed055.struct	True	 108
../../hard2/embed056.struct	False	 2885
../../hard2/embed057.struct	True	 4114
../../hard2/embed058.struct	False	 191
../../hard2/embed059.struct	True	 201
../../hard2/embed060.struct	False	 519
../../hard2/embed061.struct	True	 14554
../../hard2/embed062.struct	False	 95
../../hard2/embed063.struct	True	 357
../../hard2/embed064.struct	False	 186
../../hard2/embed065.struct	True	 585
../../hard2/embed066.struct	False	 10017
../../hard2/embed067.struct	True	 43
../../hard2/embed068.struct	False	 134
../../hard2/embed069.struct	True	 107
../../hard2/embed070.struct	False	 299
../../hard2/embed071.struct	True	 156
../../hard2/embed072.struct	False	 1679
../../hard2/embed073.struct	True	 207
../../hard2/embed074.struct	False	 73
../../hard2/embed075.struct	True	 178
../../hard2/embed076.struct	False	 2759
../../hard2/embed077.struct	True	 5034
../../hard2/embed078.struct	False	 41
../../hard2/embed079.struct	True	 82
../../hard2/embed080.struct	False	 1800
../../hard2/embed081.struct	True	 469
../../hard2/embed082.struct	False	 5132
../../hard2/embed083.struct	True	 8728
../../hard2/embed084.struct	False	 23
../../hard2/embed085.struct	True	 29417
../../hard2/embed086.struct	False	 604
../../hard2/embed087.struct	True	 142
../../hard2/embed088.struct	True	 49
../../hard2/embed089.struct	False	 39
../../hard2/embed090.struct	False	 72
../../hard2/embed091.struct	True	 878
../../hard2/embed092.struct	False	 237
../../hard2/embed093.struct	True	 74
../../hard2/embed094.struct	False	 43
../../hard2/embed095.struct	True	 260
../../hard2/embed096.struct	False	 31570
../../hard2/embed097.struct	True	 46
../../hard2/embed098.struct	False	 195
../../hard2/embed099.struct	True	 5791
Fail1: 0
