../../hard3/embed000.struct	True	 1503
../../hard3/embed001.struct	False	 1390
../../hard3/embed002.struct	False	 2575
../../hard3/embed003.struct	False	 1263
../../hard3/embed004.struct	True	 7409
../../hard3/embed005.struct	False	 2213
../../hard3/embed006.struct	False	 1565
../../hard3/embed007.struct	False	 1929
../../hard3/embed008.struct	True	 3474
../../hard3/embed009.struct	False	 2875
../../hard3/embed010.struct	True	 2004
../../hard3/embed011.struct	True	 23878
../../hard3/embed012.struct	False	 1228
../../hard3/embed013.struct	True	 1259
../../hard3/embed014.struct	True	 5759
../../hard3/embed015.struct	False	 3395
../../hard3/embed016.struct	True	 5943
../../hard3/embed017.struct	False	 13085
../../hard3/embed018.struct	True	 2280
../../hard3/embed019.struct	False	 3994
../../hard3/embed020.struct	True	 1577
../../hard3/embed021.struct	True	 2888
../../hard3/embed022.struct	True	 1144
../../hard3/embed023.struct	True	 3544
../../hard3/embed024.struct	False	 1665
../../hard3/embed025.struct	False	 1321
../../hard3/embed026.struct	False	 9869
../../hard3/embed027.struct	False	 4562
../../hard3/embed028.struct	False	 2258
../../hard3/embed029.struct	False	 13564
../../hard3/embed030.struct	True	 1097
../../hard3/embed031.struct	False	 12959
../../hard3/embed032.struct	False	 7697
../../hard3/embed033.struct	True	 2365
../../hard3/embed034.struct	True	 1951
../../hard3/embed035.struct	True	 10725
../../hard3/embed036.struct	False	 2549
../../hard3/embed037.struct	True	 1526
../../hard3/embed038.struct	False	 1576
../../hard3/embed039.struct	False	 2728
../../hard3/embed040.struct	True	 3056
../../hard3/embed041.struct	False	 3632
../../hard3/embed042.struct	True	 2035
../../hard3/embed043.struct	True	 5840
../../hard3/embed044.struct	False	 1627
../../hard3/embed045.struct	False	 2381
../../hard3/embed046.struct	False	 4374
../../hard3/embed047.struct	True	 1558
../../hard3/embed048.struct	False	 8905
../../hard3/embed049.struct	True	 1535
../../hard3/embed050.struct	False	 37108
../../hard3/embed051.struct	True	 2067
../../hard3/embed052.struct	False	 2244
../../hard3/embed053.struct	True	 1925
../../hard3/embed054.struct	False	 1325
../../hard3/embed055.struct	True	 2723
../../hard3/embed056.struct	False	 1083
../../hard3/embed057.struct	True	 1592
../../hard3/embed058.struct	False	 22012
../../hard3/embed059.struct	True	 2430
../../hard3/embed060.struct	True	 2383
../../hard3/embed061.struct	True	 1263
../../hard3/embed062.struct	False	 3452
../../hard3/embed063.struct	True	 3122
../../hard3/embed064.struct	False	 2480
../../hard3/embed065.struct	False	 2916
../../hard3/embed066.struct	False	 1483
../../hard3/embed067.struct	True	 4080
../../hard3/embed068.struct	False	 2380
../../hard3/embed069.struct	True	 11183
../../hard3/embed070.struct	False	 4624
../../hard3/embed071.struct	True	 1353
../../hard3/embed072.struct	False	 1572
../../hard3/embed073.struct	True	 1987
../../hard3/embed074.struct	False	 4007
../../hard3/embed075.struct	True	 4561
../../hard3/embed076.struct	False	 3008
../../hard3/embed077.struct	True	 1409
../../hard3/embed078.struct	True	 2238
../../hard3/embed079.struct	False	 2416
../../hard3/embed080.struct	False	 1095
../../hard3/embed081.struct	True	 1598
../../hard3/embed082.struct	False	 2098
../../hard3/embed083.struct	True	 1432
../../hard3/embed084.struct	False	 3760
../../hard3/embed085.struct	True	 2122
../../hard3/embed086.struct	False	 1188
../../hard3/embed087.struct	True	 1083
../../hard3/embed088.struct	True	 1917
../../hard3/embed089.struct	True	 1206
../../hard3/embed090.struct	False	 1396
../../hard3/embed091.struct	False	 1517
../../hard3/embed092.struct	False	 7236
../../hard3/embed093.struct	True	 1668
../../hard3/embed094.struct	False	 1159
../../hard3/embed095.struct	True	 1248
../../hard3/embed096.struct	False	 1393
../../hard3/embed097.struct	True	 1271
../../hard3/embed098.struct	False	 1947
../../hard3/embed099.struct	True	 1239
Fail1: 0
